Checking secondary net through power switch is enabled. 
Secondary net will be checked together from primary net. They will be treated as the same net
Primary Net : VDD    Secondary Net:
Primary Net : VSS    Secondary Net:
Loading cell instances...
Number of Standard Cells: 37319
Number of Macro Cells: 0
Number of IO Pad Cells: 0
Number of Blocks: 0
Loading P/G wires and vias...
Number of VDD Wires: 6929
Number of VDD Vias: 9585
Number of VDD Terminals: 104
**************Verify net VDD connectivity*****************
  Number of floating wires: 0
  Number of floating vias: 0
  Number of floating std cells: 0
  Number of floating hard macros: 0
  Number of floating I/O pads: 0
  Number of floating terminals: 0
  Number of floating hierarchical blocks: 0
************************************************************
Loading cell instances...
Loading P/G wires and vias...
Number of VSS Wires: 7454
Number of VSS Vias: 9932
Number of VSS Terminals: 104
**************Verify net VSS connectivity*****************
  Number of floating wires: 0
  Number of floating vias: 0
  Number of floating std cells: 0
  Number of floating hard macros: 0
  Number of floating I/O pads: 0
  Number of floating terminals: 0
  Number of floating hierarchical blocks: 0
************************************************************
Overall runtime: 0 seconds.
Command check_pg_drc started  at Sun Jul 12 20:49:15 2026
Command check_pg_drc finished at Sun Jul 12 20:49:16 2026
CPU usage for check_pg_drc: 3.44 seconds ( 0.00 hours)
Elapsed time for check_pg_drc: 0.48 seconds ( 0.00 hours)
Total number of errors found: 1245
   276 shorts on VIA0
   969 shorts on M1
------------
Description of the errors can be seen in gui error set "DRC_report_by_check_pg_drc"
------------
