Warning: Scenario FUNC_Fast is not configured for setup analysis: skipping. (UIC-058)
****************************************
Report : timing
        -path_type full
        -delay_type max
        -max_paths 1
        -report_by design
Design : riscv_core
Version: V-2023.12-SP3
Date   : Sun Jul 12 20:00:31 2026
****************************************

  Startpoint: u_fetch/skid_valid_q_reg (rising edge-triggered flip-flop clocked by clk_i)
  Endpoint: u_fetch/branch_pc_q_reg[15] (rising edge-triggered flip-flop clocked by clk_i)
  Mode: FUNC
  Corner: Slow
  Scenario: FUNC_Slow
  Path Group: clk_i
  Path Type: max

  Point                                            Incr      Path  
  ------------------------------------------------------------------------
  clock clk_i (rise edge)                          0.00      0.00
  clock network delay (propagated)                 0.09      0.09

  u_fetch/skid_valid_q_reg/CK (SAEDHVT14_FSDPRBQ_V2LP_2)
                                                   0.00      0.09 r
  u_fetch/skid_valid_q_reg/Q (SAEDHVT14_FSDPRBQ_V2LP_2)
                                                   0.17      0.26 r
  place_optHFSINV_1457_2486/X (SAEDLVT14_INV_0P5)
                                                   0.14      0.39 f
  place_optHFSBUF_1103_2485/X (SAEDRVT14_DEL_R2V1_2)
                                                   0.15      0.54 f
  ctmi_41312/X (SAEDHVT14_OAI22_0P5)               0.44      0.99 r
  ctmi_41410/X (SAEDHVT14_ND2_CDC_0P5)             0.36      1.34 f
  ctmi_41413/X (SAEDHVT14_INV_0P5)                 0.23      1.57 r
  ctmi_41648/X (SAEDHVT14_NR2_1)                   0.17      1.74 f
  ctmi_41691/X (SAEDHVT14_ND2_CDC_0P5)             0.08      1.82 r
  ctmi_41778/X (SAEDHVT14_INV_0P5)                 0.06      1.88 f
  ctmi_41777/X (SAEDHVT14_NR2_MM_0P5)              0.06      1.94 r
  ctmi_41826/X (SAEDHVT14_NR2B_U_0P5)              0.08      2.02 r
  ctmi_41926/X (SAEDHVT14_ND2B_U_0P5)              0.53      2.55 f
  ctmi_42158/X (SAEDHVT14_OAI22_0P5)               0.39      2.93 r
  ctmi_42154/X (SAEDHVT14_OR4_1)                   0.09      3.02 r
  ctmi_42119/X (SAEDHVT14_OR4_1)                   0.09      3.11 r
  u_exec/sub_3243_C3321/ctmi_49771/X (SAEDHVT14_INV_S_0P5)
                                                   0.06      3.17 f
  u_exec/sub_3243_C3321/ctmi_49772/X (SAEDHVT14_OA22_U_0P5)
                                                   0.05      3.22 f
  u_exec/sub_3243_C3321/ctmi_49770/X (SAEDHVT14_AOI21_0P5)
                                                   0.02      3.24 r
  u_exec/sub_3243_C3321/ctmi_49769/X (SAEDHVT14_OA21B_1)
                                                   0.02      3.27 f
  u_exec/sub_3243_C3321/ctmi_49767/X (SAEDHVT14_AOI21_0P5)
                                                   0.02      3.29 r
  u_exec/sub_3243_C3321/ctmi_49766/X (SAEDHVT14_OA21B_1)
                                                   0.02      3.31 f
  u_exec/sub_3243_C3321/ctmi_49764/X (SAEDHVT14_AOI21_0P5)
                                                   0.02      3.34 r
  u_exec/sub_3243_C3321/ctmi_49763/X (SAEDHVT14_OA21B_1)
                                                   0.02      3.36 f
  u_exec/sub_3243_C3321/ctmi_49761/X (SAEDHVT14_AOI21_0P5)
                                                   0.03      3.39 r
  u_exec/sub_3243_C3321/ctmi_49760/X (SAEDHVT14_OA21B_1)
                                                   0.03      3.42 f
  u_exec/sub_3243_C3321/ctmi_49758/X (SAEDHVT14_AOI21_0P5)
                                                   0.02      3.44 r
  u_exec/sub_3243_C3321/ctmi_49757/X (SAEDHVT14_OA21B_1)
                                                   0.02      3.46 f
  u_exec/sub_3243_C3321/ctmi_49755/X (SAEDHVT14_AOI21_0P5)
                                                   0.02      3.49 r
  u_exec/sub_3243_C3321/ctmi_49754/X (SAEDHVT14_OA21B_U_0P5)
                                                   0.05      3.53 f
  u_exec/sub_3243_C3321/ctmi_49752/X (SAEDHVT14_AOI21_0P5)
                                                   0.02      3.55 r
  u_exec/sub_3243_C3321/ctmi_49751/X (SAEDHVT14_OA21B_1)
                                                   0.03      3.58 f
  u_exec/sub_3243_C3321/ctmi_49749/X (SAEDHVT14_AOI21_0P5)
                                                   0.02      3.61 r
  u_exec/sub_3243_C3321/ctmi_49748/X (SAEDHVT14_OA21B_1)
                                                   0.02      3.63 f
  u_exec/sub_3243_C3321/ctmi_49746/X (SAEDHVT14_AOI21_0P5)
                                                   0.02      3.65 r
  u_exec/sub_3243_C3321/ctmi_49745/X (SAEDHVT14_OA21B_1)
                                                   0.02      3.67 f
  u_exec/sub_3243_C3321/ctmi_49743/X (SAEDHVT14_AOI21_0P5)
                                                   0.02      3.70 r
  u_exec/sub_3243_C3321/ctmi_49742/X (SAEDHVT14_OA21B_1)
                                                   0.02      3.72 f
  u_exec/sub_3243_C3321/ctmi_49740/X (SAEDHVT14_AOI21_0P5)
                                                   0.02      3.74 r
  u_exec/sub_3243_C3321/ctmi_49739/X (SAEDHVT14_OA21B_1)
                                                   0.03      3.77 f
  u_exec/sub_3243_C3321/ctmi_49737/X (SAEDHVT14_AOI21_0P5)
                                                   0.03      3.79 r
  u_exec/sub_3243_C3321/ctmi_49736/X (SAEDHVT14_OA21B_1)
                                                   0.03      3.82 f
  u_exec/sub_3243_C3321/ctmi_49734/X (SAEDHVT14_AOI21_0P5)
                                                   0.03      3.85 r
  u_exec/sub_3243_C3321/ctmi_49733/X (SAEDHVT14_OA21B_1)
                                                   0.03      3.88 f
  u_exec/sub_3243_C3321/ctmi_49731/X (SAEDHVT14_AOI21_0P5)
                                                   0.02      3.90 r
  u_exec/sub_3243_C3321/ctmi_49730/X (SAEDHVT14_OA21B_1)
                                                   0.02      3.93 f
  u_exec/sub_3243_C3321/ctmi_49728/X (SAEDHVT14_AOI21_0P5)
                                                   0.02      3.95 r
  u_exec/sub_3243_C3321/ctmi_49727/X (SAEDHVT14_OA21B_U_0P5)
                                                   0.05      4.00 f
  u_exec/sub_3243_C3321/ctmi_49725/X (SAEDHVT14_AOI21_0P5)
                                                   0.02      4.02 r
  u_exec/sub_3243_C3321/ctmi_49724/X (SAEDHVT14_OA21B_U_0P5)
                                                   0.05      4.06 f
  u_exec/sub_3243_C3321/ctmi_49722/X (SAEDHVT14_AOI21_0P5)
                                                   0.02      4.09 r
  u_exec/sub_3243_C3321/ctmi_49721/X (SAEDHVT14_OA21B_U_0P5)
                                                   0.05      4.14 f
  u_exec/sub_3243_C3321/ctmi_49719/X (SAEDHVT14_AOI21_0P5)
                                                   0.02      4.16 r
  u_exec/sub_3243_C3321/ctmi_49718/X (SAEDHVT14_OA21B_U_0P5)
                                                   0.05      4.21 f
  u_exec/sub_3243_C3321/ctmi_49716/X (SAEDHVT14_AOI21_0P5)
                                                   0.04      4.24 r
  u_exec/sub_3243_C3321/ctmi_49715/X (SAEDHVT14_OA21B_U_0P5)
                                                   0.06      4.30 f
  u_exec/sub_3243_C3321/ctmi_49713/X (SAEDHVT14_AOI21_0P5)
                                                   0.02      4.32 r
  u_exec/sub_3243_C3321/ctmi_49712/X (SAEDHVT14_OA21B_U_0P5)
                                                   0.05      4.37 f
  u_exec/sub_3243_C3321/ctmi_49710/X (SAEDHVT14_AOI21_0P5)
                                                   0.02      4.39 r
  u_exec/sub_3243_C3321/ctmi_49709/X (SAEDHVT14_OA21B_U_0P5)
                                                   0.05      4.44 f
  u_exec/sub_3243_C3321/ctmi_49707/X (SAEDHVT14_AOI21_0P5)
                                                   0.03      4.48 r
  u_exec/sub_3243_C3321/ctmi_49706/X (SAEDHVT14_OA21B_U_0P5)
                                                   0.06      4.54 f
  u_exec/sub_3243_C3321/ctmi_49704/X (SAEDHVT14_AOI21_0P5)
                                                   0.02      4.56 r
  u_exec/sub_3243_C3321/ctmi_49703/X (SAEDHVT14_OA21B_U_0P5)
                                                   0.05      4.61 f
  u_exec/sub_3243_C3321/ctmi_49701/X (SAEDHVT14_AOI21_0P5)
                                                   0.03      4.64 r
  u_exec/sub_3243_C3321/ctmi_49700/X (SAEDHVT14_OA21B_U_0P5)
                                                   0.05      4.69 f
  u_exec/sub_3243_C3321/ctmi_49698/X (SAEDHVT14_AOI21_0P5)
                                                   0.02      4.71 r
  u_exec/sub_3243_C3321/ctmi_49697/X (SAEDHVT14_OA21B_U_0P5)
                                                   0.05      4.76 f
  u_exec/sub_3243_C3321/ctmi_49695/X (SAEDHVT14_AOI21_0P5)
                                                   0.03      4.79 r
  u_exec/sub_3243_C3321/ctmi_49694/X (SAEDHVT14_OA21B_U_0P5)
                                                   0.06      4.85 f
  u_exec/sub_3243_C3321/ctmi_49692/X (SAEDHVT14_AOI21_0P5)
                                                   0.03      4.88 r
  u_exec/sub_3243_C3321/ctmi_49691/X (SAEDHVT14_OA21B_U_0P5)
                                                   0.06      4.94 f
  u_exec/sub_3243_C3321/ctmi_49689/X (SAEDHVT14_AOI21_0P5)
                                                   0.02      4.96 r
  u_exec/sub_3243_C3321/ctmi_49688/X (SAEDHVT14_OA21B_U_0P5)
                                                   0.05      5.01 f
  u_exec/sub_3243_C3321/ctmi_49686/X (SAEDHVT14_AOI21_0P5)
                                                   0.02      5.03 r
  u_exec/sub_3243_C3321/ctmi_49684/X (SAEDHVT14_OAI22_0P5)
                                                   0.05      5.08 f
  u_exec/sub_3243_C3321/ctmi_49683/X (SAEDHVT14_EN3_U_0P5)
                                                   0.08      5.16 r
  ctmi_45846/X (SAEDHVT14_OAI21_0P75)              0.03      5.19 f
  ctmi_45845/X (SAEDHVT14_OAI21_0P75)              0.02      5.22 r
  ctmi_45843/X (SAEDHVT14_AO221_0P5)               0.04      5.26 r
  ctmi_45842/X (SAEDHVT14_AOI21_0P75)              0.03      5.29 f
  ctmi_45841/X (SAEDHVT14_OAI21_0P75)              0.08      5.37 r
  ctmi_45861/X (SAEDHVT14_ND2_CDC_0P5)             0.06      5.43 f
  ctmi_45860/X (SAEDHVT14_NR2_1)                   0.30      5.73 r
  ctmi_45895/X (SAEDHVT14_AO22_0P75)               0.25      5.98 r
  ctmi_45894/X (SAEDHVT14_AO221_0P5)               0.07      6.04 r
  u_fetch/branch_pc_q_reg[15]/D (SAEDHVT14_FSDPRBQ_V2LP_2)
                                                   0.00      6.04 r
  data arrival time                                          6.04

  clock clk_i (rise edge)                         10.00     10.00
  clock network delay (propagated)                 0.08     10.08
  u_fetch/branch_pc_q_reg[15]/CK (SAEDHVT14_FSDPRBQ_V2LP_2)
                                                   0.00     10.08 r
  clock uncertainty                               -0.15      9.93
  library setup time                              -0.05      9.88
  data required time                                         9.88
  ------------------------------------------------------------------------
  data required time                                         9.88
  data arrival time                                         -6.04
  ------------------------------------------------------------------------
  slack (MET)                                                3.84


1
