****************************************
Report : qor
Design : riscv_core
Version: V-2023.12-SP3
Date   : Sun Jul 12 20:00:31 2026
****************************************


Scenario           'FUNC_Fast'
Timing Path Group  'clk_i'
----------------------------------------
Worst Hold Violation:              0.00
Total Hold Violation:              0.00
No. of Hold Violations:               0
----------------------------------------

Scenario           'FUNC_Slow'
Timing Path Group  '**in2reg_default**'
----------------------------------------
Levels of Logic:                     82
Critical Path Length:              5.66
Critical Path Slack:               4.14
Critical Path Clk Period:         10.00
Total Negative Slack:              0.00
No. of Violating Paths:               0
----------------------------------------

Scenario           'FUNC_Slow'
Timing Path Group  '**reg2out_default**'
----------------------------------------
Levels of Logic:                     30
Critical Path Length:              3.49
Critical Path Slack:               6.15
Critical Path Clk Period:         10.00
Total Negative Slack:              0.00
No. of Violating Paths:               0
----------------------------------------

Scenario           'FUNC_Slow'
Timing Path Group  '**in2out_default**'
----------------------------------------
Levels of Logic:                     28
Critical Path Length:              3.20
Critical Path Slack:               6.45
Critical Path Clk Period:         10.00
Total Negative Slack:              0.00
No. of Violating Paths:               0
----------------------------------------

Scenario           'FUNC_Slow'
Timing Path Group  'clk_i'
----------------------------------------
Levels of Logic:                     84
Critical Path Length:              5.96
Critical Path Slack:               3.84
Critical Path Clk Period:         10.00
Total Negative Slack:              0.00
No. of Violating Paths:               0
----------------------------------------

Scenario           'FUNC_Typical'
Timing Path Group  '**in2reg_default**'
----------------------------------------
Levels of Logic:                     86
Critical Path Length:              2.81
Critical Path Slack:               7.00
Critical Path Clk Period:         10.00
Total Negative Slack:              0.00
No. of Violating Paths:               0
----------------------------------------

Scenario           'FUNC_Typical'
Timing Path Group  '**reg2out_default**'
----------------------------------------
Levels of Logic:                     30
Critical Path Length:              1.77
Critical Path Slack:               7.88
Critical Path Clk Period:         10.00
Total Negative Slack:              0.00
No. of Violating Paths:               0
----------------------------------------

Scenario           'FUNC_Typical'
Timing Path Group  '**in2out_default**'
----------------------------------------
Levels of Logic:                     28
Critical Path Length:              1.67
Critical Path Slack:               7.98
Critical Path Clk Period:         10.00
Total Negative Slack:              0.00
No. of Violating Paths:               0
----------------------------------------

Scenario           'FUNC_Typical'
Timing Path Group  'clk_i'
----------------------------------------
Levels of Logic:                     88
Critical Path Length:              2.91
Critical Path Slack:               6.90
Critical Path Clk Period:         10.00
Total Negative Slack:              0.00
No. of Violating Paths:               0
Worst Hold Violation:              0.00
Total Hold Violation:              0.00
No. of Hold Violations:               0
----------------------------------------


Cell Count
----------------------------------------
Hierarchical Cell Count:             15
Hierarchical Port Count:           1602
Leaf Cell Count:                  12332
Buf/Inv Cell Count:                1315
Buf Cell Count:                     153
Inv Cell Count:                    1162
Combinational Cell Count:         10013
   Single-bit Isolation Cell Count:                        0
   Multi-bit Isolation Cell Count:                         0
   Isolation Cell Banking Ratio:                           0.00%
   Single-bit Level Shifter Cell Count:                    0
   Multi-bit Level Shifter Cell Count:                     0
   Level Shifter Cell Banking Ratio:                       0.00%
   Single-bit ELS Cell Count:                              0
   Multi-bit ELS Cell Count:                               0
   ELS Cell Banking Ratio:                                 0.00%
Sequential Cell Count:             2319
   Integrated Clock-Gating Cell Count:                     0
   Sequential Macro Cell Count:                            0
   Single-bit Sequential Cell Count:                       2319
   Multi-bit Sequential Cell Count:                        0
   Sequential Cell Banking Ratio:                          0.00%
   BitsPerflop:                                            1.00
Macro Count:                          0
----------------------------------------


Area
----------------------------------------
Combinational Area:             3871.24
Noncombinational Area:          2879.65
Buf/Inv Area:                    265.20
Total Buffer Area:                58.43
Total Inverter Area:             206.77
Macro/Black Box Area:              0.00
Net Area:                             0
Net XLength:                   78515.69
Net YLength:                   73947.32
----------------------------------------
Cell Area (netlist):                           6750.89
Cell Area (netlist and physical only):        10699.16
Net Length:                   152463.01


Design Rules
----------------------------------------
Total Number of Nets:             13167
Nets with Violations:              4623
Max Trans Violations:                 0
Max Cap Violations:                   0
----------------------------------------

1
