Warning: Scenario FUNC_Slow is not configured for hold analysis: skipping. (UIC-058)
****************************************
Report : timing
        -path_type full
        -delay_type min
        -max_paths 1
        -report_by design
Design : riscv_core
Version: V-2023.12-SP3
Date   : Wed Jul  8 15:02:14 2026
****************************************

  Startpoint: u_issue/u_pipe_ctrl/opcode_e2_q_reg[10] (rising edge-triggered flip-flop clocked by clk_i)
  Endpoint: u_issue/u_pipe_ctrl/opcode_wb_q_reg[10] (rising edge-triggered flip-flop clocked by clk_i)
  Mode: FUNC
  Corner: Fast
  Scenario: FUNC_Fast
  Path Group: clk_i
  Path Type: min

  Point                                            Incr      Path  
  ------------------------------------------------------------------------
  clock clk_i (rise edge)                          0.00      0.00
  clock network delay (propagated)                 0.03      0.03

  u_issue/u_pipe_ctrl/opcode_e2_q_reg[10]/CK (SAEDHVT14_FSDPRBQ_V2LP_2)
                                                   0.00      0.03 r
  u_issue/u_pipe_ctrl/opcode_e2_q_reg[10]/Q (SAEDHVT14_FSDPRBQ_V2LP_2)
                                                   0.04      0.06 f
  ctmi_49208/X (SAEDHVT14_OA22_U_0P5)              0.01      0.08 f
  u_issue/u_pipe_ctrl/opcode_wb_q_reg[10]/D (SAEDHVT14_FSDPRBQ_V2LP_2)
                                                   0.00      0.08 f
  data arrival time                                          0.08

  clock clk_i (rise edge)                          0.00      0.00
  clock network delay (propagated)                 0.06      0.06
  u_issue/u_pipe_ctrl/opcode_wb_q_reg[10]/CK (SAEDHVT14_FSDPRBQ_V2LP_2)
                                                   0.00      0.06 r
  library hold time                                0.01      0.07
  data required time                                         0.07
  ------------------------------------------------------------------------
  data required time                                         0.07
  data arrival time                                         -0.08
  ------------------------------------------------------------------------
  slack (MET)                                                0.01


1
