Warning: Scenario FUNC_Fast is not configured for setup analysis: skipping. (UIC-058)
****************************************
Report : timing
        -path_type full
        -delay_type max
        -max_paths 1
        -report_by design
Design : riscv_core
Version: V-2023.12-SP3
Date   : Wed Jul  8 15:02:14 2026
****************************************

  Startpoint: u_fetch/skid_valid_q_reg (rising edge-triggered flip-flop clocked by clk_i)
  Endpoint: u_fetch/branch_pc_q_reg[12] (rising edge-triggered flip-flop clocked by clk_i)
  Mode: FUNC
  Corner: Slow
  Scenario: FUNC_Slow
  Path Group: clk_i
  Path Type: max

  Point                                            Incr      Path  
  ------------------------------------------------------------------------
  clock clk_i (rise edge)                          0.00      0.00
  clock network delay (propagated)                 0.09      0.09

  u_fetch/skid_valid_q_reg/CK (SAEDHVT14_FSDPRBQ_V2LP_2)
                                                   0.00      0.09 r
  u_fetch/skid_valid_q_reg/Q (SAEDHVT14_FSDPRBQ_V2LP_2)
                                                   0.17      0.27 r
  place_optHFSINV_1457_2486/X (SAEDLVT14_INV_0P75)
                                                   0.12      0.39 f
  place_optHFSBUF_1103_2485/X (SAEDRVT14_DEL_R2V1_2)
                                                   0.14      0.53 f
  ctmi_41312/X (SAEDHVT14_OAI22_0P5)               0.48      1.01 r
  ctmi_41410/X (SAEDHVT14_ND2_CDC_0P5)             0.40      1.41 f
  ctmi_41413/X (SAEDHVT14_INV_0P5)                 0.27      1.68 r
  ctmi_41648/X (SAEDHVT14_NR2_1)                   0.20      1.87 f
  ctmi_41691/X (SAEDHVT14_ND2_CDC_0P5)             0.09      1.96 r
  ctmi_41778/X (SAEDHVT14_INV_0P5)                 0.06      2.03 f
  ctmi_41777/X (SAEDHVT14_NR2_MM_0P5)              0.06      2.09 r
  ctmi_41826/X (SAEDHVT14_NR2B_U_0P5)              0.08      2.17 r
  ctmi_41926/X (SAEDHVT14_ND2B_U_0P5)              0.66      2.83 f
  ctmi_42158/X (SAEDHVT14_OAI22_0P5)               0.45      3.28 r
  ctmi_42154/X (SAEDHVT14_OR4_1)                   0.10      3.38 r
  ctmi_42119/X (SAEDHVT14_OR4_1)                   0.10      3.48 r
  u_exec/sub_3243_C3321/ctmi_49771/X (SAEDHVT14_INV_S_0P5)
                                                   0.07      3.55 f
  u_exec/sub_3243_C3321/ctmi_49772/X (SAEDHVT14_OA22_U_0P5)
                                                   0.05      3.60 f
  u_exec/sub_3243_C3321/ctmi_49770/X (SAEDHVT14_AOI21_0P5)
                                                   0.02      3.63 r
  u_exec/sub_3243_C3321/ctmi_49769/X (SAEDHVT14_OA21B_1)
                                                   0.03      3.65 f
  u_exec/sub_3243_C3321/ctmi_49767/X (SAEDHVT14_AOI21_0P5)
                                                   0.02      3.68 r
  u_exec/sub_3243_C3321/ctmi_49766/X (SAEDHVT14_OA21B_1)
                                                   0.03      3.70 f
  u_exec/sub_3243_C3321/ctmi_49764/X (SAEDHVT14_AOI21_0P5)
                                                   0.03      3.73 r
  u_exec/sub_3243_C3321/ctmi_49763/X (SAEDHVT14_OA21B_1)
                                                   0.03      3.76 f
  u_exec/sub_3243_C3321/ctmi_49761/X (SAEDHVT14_AOI21_0P5)
                                                   0.03      3.79 r
  u_exec/sub_3243_C3321/ctmi_49760/X (SAEDHVT14_OA21B_1)
                                                   0.03      3.82 f
  u_exec/sub_3243_C3321/ctmi_49758/X (SAEDHVT14_AOI21_0P5)
                                                   0.02      3.84 r
  u_exec/sub_3243_C3321/ctmi_49757/X (SAEDHVT14_OA21B_1)
                                                   0.03      3.87 f
  u_exec/sub_3243_C3321/ctmi_49755/X (SAEDHVT14_AOI21_0P5)
                                                   0.03      3.89 r
  u_exec/sub_3243_C3321/ctmi_49754/X (SAEDHVT14_OA21B_U_0P5)
                                                   0.05      3.94 f
  u_exec/sub_3243_C3321/ctmi_49752/X (SAEDHVT14_AOI21_0P5)
                                                   0.02      3.96 r
  u_exec/sub_3243_C3321/ctmi_49751/X (SAEDHVT14_OA21B_1)
                                                   0.03      3.99 f
  u_exec/sub_3243_C3321/ctmi_49749/X (SAEDHVT14_AOI21_0P5)
                                                   0.02      4.02 r
  u_exec/sub_3243_C3321/ctmi_49748/X (SAEDHVT14_OA21B_1)
                                                   0.02      4.04 f
  u_exec/sub_3243_C3321/ctmi_49746/X (SAEDHVT14_AOI21_0P5)
                                                   0.02      4.06 r
  u_exec/sub_3243_C3321/ctmi_49745/X (SAEDHVT14_OA21B_1)
                                                   0.02      4.09 f
  u_exec/sub_3243_C3321/ctmi_49743/X (SAEDHVT14_AOI21_0P5)
                                                   0.02      4.11 r
  u_exec/sub_3243_C3321/ctmi_49742/X (SAEDHVT14_OA21B_1)
                                                   0.02      4.14 f
  u_exec/sub_3243_C3321/ctmi_49740/X (SAEDHVT14_AOI21_0P5)
                                                   0.02      4.16 r
  u_exec/sub_3243_C3321/ctmi_49739/X (SAEDHVT14_OA21B_1)
                                                   0.03      4.19 f
  u_exec/sub_3243_C3321/ctmi_49737/X (SAEDHVT14_AOI21_0P5)
                                                   0.03      4.22 r
  u_exec/sub_3243_C3321/ctmi_49736/X (SAEDHVT14_OA21B_1)
                                                   0.03      4.25 f
  u_exec/sub_3243_C3321/ctmi_49734/X (SAEDHVT14_AOI21_0P5)
                                                   0.03      4.28 r
  u_exec/sub_3243_C3321/ctmi_49733/X (SAEDHVT14_OA21B_1)
                                                   0.03      4.31 f
  u_exec/sub_3243_C3321/ctmi_49731/X (SAEDHVT14_AOI21_0P5)
                                                   0.02      4.33 r
  u_exec/sub_3243_C3321/ctmi_49730/X (SAEDHVT14_OA21B_1)
                                                   0.03      4.36 f
  u_exec/sub_3243_C3321/ctmi_49728/X (SAEDHVT14_AOI21_0P5)
                                                   0.02      4.38 r
  u_exec/sub_3243_C3321/ctmi_49727/X (SAEDHVT14_OA21B_U_0P5)
                                                   0.05      4.43 f
  u_exec/sub_3243_C3321/ctmi_49725/X (SAEDHVT14_AOI21_0P5)
                                                   0.02      4.45 r
  u_exec/sub_3243_C3321/ctmi_49724/X (SAEDHVT14_OA21B_U_0P5)
                                                   0.05      4.50 f
  u_exec/sub_3243_C3321/ctmi_49722/X (SAEDHVT14_AOI21_0P5)
                                                   0.02      4.53 r
  u_exec/sub_3243_C3321/ctmi_49721/X (SAEDHVT14_OA21B_U_0P5)
                                                   0.05      4.58 f
  u_exec/sub_3243_C3321/ctmi_49719/X (SAEDHVT14_AOI21_0P5)
                                                   0.02      4.60 r
  u_exec/sub_3243_C3321/ctmi_49718/X (SAEDHVT14_OA21B_U_0P5)
                                                   0.05      4.65 f
  u_exec/sub_3243_C3321/ctmi_49716/X (SAEDHVT14_AOI21_0P5)
                                                   0.04      4.70 r
  u_exec/sub_3243_C3321/ctmi_49715/X (SAEDHVT14_OA21B_U_0P5)
                                                   0.06      4.76 f
  u_exec/sub_3243_C3321/ctmi_49713/X (SAEDHVT14_AOI21_0P5)
                                                   0.02      4.78 r
  u_exec/sub_3243_C3321/ctmi_49712/X (SAEDHVT14_OA21B_U_0P5)
                                                   0.05      4.83 f
  u_exec/sub_3243_C3321/ctmi_49710/X (SAEDHVT14_AOI21_0P5)
                                                   0.02      4.85 r
  u_exec/sub_3243_C3321/ctmi_49709/X (SAEDHVT14_OA21B_U_0P5)
                                                   0.05      4.90 f
  u_exec/sub_3243_C3321/ctmi_49707/X (SAEDHVT14_AOI21_0P5)
                                                   0.04      4.95 r
  u_exec/sub_3243_C3321/ctmi_49706/X (SAEDHVT14_OA21B_U_0P5)
                                                   0.07      5.01 f
  u_exec/sub_3243_C3321/ctmi_49704/X (SAEDHVT14_AOI21_0P5)
                                                   0.03      5.04 r
  u_exec/sub_3243_C3321/ctmi_49703/X (SAEDHVT14_OA21B_U_0P5)
                                                   0.06      5.10 f
  u_exec/sub_3243_C3321/ctmi_49701/X (SAEDHVT14_AOI21_0P5)
                                                   0.03      5.12 r
  u_exec/sub_3243_C3321/ctmi_49700/X (SAEDHVT14_OA21B_U_0P5)
                                                   0.05      5.18 f
  u_exec/sub_3243_C3321/ctmi_49698/X (SAEDHVT14_AOI21_0P5)
                                                   0.02      5.20 r
  u_exec/sub_3243_C3321/ctmi_49697/X (SAEDHVT14_OA21B_U_0P5)
                                                   0.05      5.25 f
  u_exec/sub_3243_C3321/ctmi_49695/X (SAEDHVT14_AOI21_0P5)
                                                   0.03      5.29 r
  u_exec/sub_3243_C3321/ctmi_49694/X (SAEDHVT14_OA21B_U_0P5)
                                                   0.06      5.35 f
  u_exec/sub_3243_C3321/ctmi_49692/X (SAEDHVT14_AOI21_0P5)
                                                   0.03      5.38 r
  u_exec/sub_3243_C3321/ctmi_49691/X (SAEDHVT14_OA21B_U_0P5)
                                                   0.06      5.43 f
  u_exec/sub_3243_C3321/ctmi_49689/X (SAEDHVT14_AOI21_0P5)
                                                   0.02      5.46 r
  u_exec/sub_3243_C3321/ctmi_49688/X (SAEDHVT14_OA21B_U_0P5)
                                                   0.05      5.51 f
  u_exec/sub_3243_C3321/ctmi_49686/X (SAEDHVT14_AOI21_0P5)
                                                   0.02      5.53 r
  u_exec/sub_3243_C3321/ctmi_49684/X (SAEDHVT14_OAI22_0P5)
                                                   0.06      5.59 f
  u_exec/sub_3243_C3321/ctmi_49683/X (SAEDHVT14_EN3_U_0P5)
                                                   0.09      5.68 r
  ctmi_45846/X (SAEDHVT14_OAI21_0P75)              0.03      5.71 f
  ctmi_45845/X (SAEDHVT14_OAI21_0P75)              0.03      5.74 r
  ctmi_45843/X (SAEDHVT14_AO221_0P5)               0.04      5.78 r
  ctmi_45842/X (SAEDHVT14_AOI21_0P75)              0.03      5.81 f
  ctmi_45841/X (SAEDHVT14_OAI21_0P75)              0.12      5.93 r
  ctmi_45861/X (SAEDHVT14_ND2_CDC_0P5)             0.08      6.00 f
  ctmi_45860/X (SAEDHVT14_NR2_1)                   0.34      6.34 r
  ctmi_45901/X (SAEDHVT14_AO22_0P75)               0.26      6.60 r
  ctmi_45900/X (SAEDHVT14_AO221_0P5)               0.06      6.66 r
  u_fetch/branch_pc_q_reg[12]/D (SAEDHVT14_FSDPRBQ_V2LP_2)
                                                   0.00      6.66 r
  data arrival time                                          6.66

  clock clk_i (rise edge)                         10.00     10.00
  clock network delay (propagated)                 0.06     10.06
  u_fetch/branch_pc_q_reg[12]/CK (SAEDHVT14_FSDPRBQ_V2LP_2)
                                                   0.00     10.06 r
  clock uncertainty                               -0.15      9.91
  library setup time                              -0.04      9.86
  data required time                                         9.86
  ------------------------------------------------------------------------
  data required time                                         9.86
  data arrival time                                         -6.66
  ------------------------------------------------------------------------
  slack (MET)                                                3.20


1
