Warning: Scenario FUNC_Fast is not configured for setup analysis: skipping. (UIC-058)
****************************************
Report : timing
        -path_type full
        -delay_type max
        -max_paths 1
        -report_by design
Design : riscv_core
Version: V-2023.12-SP3
Date   : Sun Jul 12 20:40:28 2026
****************************************

  Startpoint: u_fetch/skid_valid_q_reg (rising edge-triggered flip-flop clocked by clk_i)
  Endpoint: u_fetch/branch_pc_q_reg[6] (rising edge-triggered flip-flop clocked by clk_i)
  Mode: FUNC
  Corner: Slow
  Scenario: FUNC_Slow
  Path Group: clk_i
  Path Type: max

  Point                                            Incr      Path  
  ------------------------------------------------------------------------
  clock clk_i (rise edge)                          0.00      0.00
  clock network delay (propagated)                 0.08      0.08

  u_fetch/skid_valid_q_reg/CK (SAEDHVT14_FSDPRBQ_V2LP_2)
                                                   0.00      0.08 r
  u_fetch/skid_valid_q_reg/Q (SAEDHVT14_FSDPRBQ_V2LP_2)
                                                   0.17      0.25 r
  place_optHFSINV_1821_2480/X (SAEDRVT14_INV_S_1P5)
                                                   0.13      0.38 f
  ctmi_41312/X (SAEDHVT14_OAI22_0P5)               0.51      0.89 r
  ctmi_41410/X (SAEDHVT14_ND2_CDC_0P5)             0.38      1.27 f
  ctmi_41413/X (SAEDHVT14_INV_0P5)                 0.26      1.53 r
  ctmi_41648/X (SAEDHVT14_NR2_1)                   0.19      1.72 f
  ctmi_41691/X (SAEDHVT14_ND2_CDC_0P5)             0.08      1.80 r
  ctmi_41778/X (SAEDHVT14_INV_S_0P5)               0.06      1.85 f
  ctmi_41777/X (SAEDHVT14_NR2_MM_0P5)              0.05      1.90 r
  ctmi_41826/X (SAEDHVT14_NR2B_U_0P5)              0.08      1.98 r
  ctmi_41926/X (SAEDHVT14_ND2B_U_0P5)              0.64      2.62 f
  ctmi_42105/X (SAEDHVT14_OAI22_0P5)               0.45      3.07 r
  ctmi_42104/X (SAEDHVT14_OR4_1)                   0.10      3.17 r
  ctmi_42092/X (SAEDHVT14_OR4_1)                   0.03      3.19 r
  ctmi_42047/X (SAEDHVT14_OR4_1)                   0.11      3.30 r
  u_exec/sub_3243_C3321/ctmi_49773/X (SAEDHVT14_INV_0P5)
                                                   0.07      3.37 f
  u_exec/sub_3243_C3321/ctmi_49772/X (SAEDHVT14_OA22_U_0P5)
                                                   0.05      3.42 f
  u_exec/sub_3243_C3321/ctmi_49770/X (SAEDHVT14_AOI21_0P5)
                                                   0.03      3.45 r
  u_exec/sub_3243_C3321/ctmi_49769/X (SAEDHVT14_OA21B_1)
                                                   0.03      3.47 f
  u_exec/sub_3243_C3321/ctmi_49767/X (SAEDHVT14_AOI21_0P5)
                                                   0.02      3.50 r
  u_exec/sub_3243_C3321/ctmi_49766/X (SAEDHVT14_OA21B_1)
                                                   0.02      3.52 f
  u_exec/sub_3243_C3321/ctmi_49764/X (SAEDHVT14_AOI21_0P5)
                                                   0.02      3.54 r
  u_exec/sub_3243_C3321/ctmi_49763/X (SAEDHVT14_OA21B_1)
                                                   0.02      3.57 f
  u_exec/sub_3243_C3321/ctmi_49761/X (SAEDHVT14_AOI21_0P5)
                                                   0.02      3.59 r
  u_exec/sub_3243_C3321/ctmi_49760/X (SAEDHVT14_OA21B_1)
                                                   0.02      3.61 f
  u_exec/sub_3243_C3321/ctmi_49758/X (SAEDHVT14_AOI21_0P5)
                                                   0.02      3.64 r
  u_exec/sub_3243_C3321/ctmi_49757/X (SAEDHVT14_OA21B_1)
                                                   0.02      3.66 f
  u_exec/sub_3243_C3321/ctmi_49755/X (SAEDHVT14_AOI21_0P5)
                                                   0.02      3.68 r
  u_exec/sub_3243_C3321/ctmi_49754/X (SAEDHVT14_OA21B_U_0P5)
                                                   0.05      3.73 f
  u_exec/sub_3243_C3321/ctmi_49752/X (SAEDHVT14_AOI21_0P5)
                                                   0.03      3.76 r
  u_exec/sub_3243_C3321/ctmi_49751/X (SAEDHVT14_OA21B_1)
                                                   0.04      3.79 f
  u_exec/sub_3243_C3321/ctmi_49749/X (SAEDHVT14_AOI21_0P5)
                                                   0.03      3.82 r
  u_exec/sub_3243_C3321/ctmi_49748/X (SAEDHVT14_OA21B_1)
                                                   0.03      3.85 f
  u_exec/sub_3243_C3321/ctmi_49746/X (SAEDHVT14_AOI21_0P5)
                                                   0.03      3.87 r
  u_exec/sub_3243_C3321/ctmi_49745/X (SAEDHVT14_OA21B_1)
                                                   0.03      3.90 f
  u_exec/sub_3243_C3321/ctmi_49743/X (SAEDHVT14_AOI21_0P5)
                                                   0.02      3.93 r
  u_exec/sub_3243_C3321/ctmi_49742/X (SAEDHVT14_OA21B_1)
                                                   0.03      3.95 f
  u_exec/sub_3243_C3321/ctmi_49740/X (SAEDHVT14_AOI21_0P5)
                                                   0.02      3.98 r
  u_exec/sub_3243_C3321/ctmi_49739/X (SAEDHVT14_OA21B_1)
                                                   0.03      4.00 f
  u_exec/sub_3243_C3321/ctmi_49737/X (SAEDHVT14_AOI21_0P5)
                                                   0.02      4.02 r
  u_exec/sub_3243_C3321/ctmi_49736/X (SAEDHVT14_OA21B_1)
                                                   0.03      4.05 f
  u_exec/sub_3243_C3321/ctmi_49734/X (SAEDHVT14_AOI21_0P5)
                                                   0.02      4.07 r
  u_exec/sub_3243_C3321/ctmi_49733/X (SAEDHVT14_OA21B_1)
                                                   0.03      4.10 f
  u_exec/sub_3243_C3321/ctmi_49731/X (SAEDHVT14_AOI21_0P5)
                                                   0.02      4.12 r
  u_exec/sub_3243_C3321/ctmi_49730/X (SAEDHVT14_OA21B_1)
                                                   0.03      4.15 f
  u_exec/sub_3243_C3321/ctmi_49728/X (SAEDHVT14_AOI21_0P5)
                                                   0.03      4.17 r
  u_exec/sub_3243_C3321/ctmi_49727/X (SAEDHVT14_OA21B_U_0P5)
                                                   0.05      4.23 f
  u_exec/sub_3243_C3321/ctmi_49725/X (SAEDHVT14_AOI21_0P5)
                                                   0.02      4.25 r
  u_exec/sub_3243_C3321/ctmi_49724/X (SAEDHVT14_OA21B_1)
                                                   0.03      4.28 f
  u_exec/sub_3243_C3321/ctmi_49722/X (SAEDHVT14_AOI21_0P5)
                                                   0.02      4.30 r
  u_exec/sub_3243_C3321/ctmi_49721/X (SAEDHVT14_OA21B_U_0P5)
                                                   0.05      4.35 f
  u_exec/sub_3243_C3321/ctmi_49719/X (SAEDHVT14_AOI21_0P5)
                                                   0.02      4.37 r
  u_exec/sub_3243_C3321/ctmi_49718/X (SAEDHVT14_OA21B_U_0P5)
                                                   0.05      4.42 f
  u_exec/sub_3243_C3321/ctmi_49716/X (SAEDHVT14_AOI21_0P5)
                                                   0.02      4.44 r
  u_exec/sub_3243_C3321/ctmi_49715/X (SAEDHVT14_OA21B_U_0P5)
                                                   0.05      4.50 f
  u_exec/sub_3243_C3321/ctmi_49713/X (SAEDHVT14_AOI21_0P5)
                                                   0.02      4.52 r
  u_exec/sub_3243_C3321/ctmi_49712/X (SAEDHVT14_OA21B_1)
                                                   0.03      4.55 f
  u_exec/sub_3243_C3321/ctmi_49710/X (SAEDHVT14_AOI21_0P5)
                                                   0.03      4.57 r
  u_exec/sub_3243_C3321/ctmi_49709/X (SAEDHVT14_OA21B_U_0P5)
                                                   0.05      4.62 f
  u_exec/sub_3243_C3321/ctmi_49707/X (SAEDHVT14_AOI21_0P5)
                                                   0.07      4.69 r
  u_exec/sub_3243_C3321/ctmi_49706/X (SAEDHVT14_OA21B_U_0P5)
                                                   0.08      4.77 f
  u_exec/sub_3243_C3321/ctmi_49704/X (SAEDHVT14_AOI21_0P5)
                                                   0.02      4.80 r
  u_exec/sub_3243_C3321/ctmi_49703/X (SAEDHVT14_OA21B_U_0P5)
                                                   0.05      4.85 f
  u_exec/sub_3243_C3321/ctmi_49701/X (SAEDHVT14_AOI21_0P5)
                                                   0.03      4.87 r
  u_exec/sub_3243_C3321/ctmi_49700/X (SAEDHVT14_OA21B_U_0P5)
                                                   0.05      4.92 f
  u_exec/sub_3243_C3321/ctmi_49698/X (SAEDHVT14_AOI21_0P5)
                                                   0.02      4.95 r
  u_exec/sub_3243_C3321/ctmi_49697/X (SAEDHVT14_OA21B_U_0P5)
                                                   0.05      5.00 f
  u_exec/sub_3243_C3321/ctmi_49695/X (SAEDHVT14_AOI21_0P5)
                                                   0.02      5.02 r
  u_exec/sub_3243_C3321/ctmi_49694/X (SAEDHVT14_OA21B_U_0P5)
                                                   0.05      5.08 f
  u_exec/sub_3243_C3321/ctmi_49692/X (SAEDHVT14_AOI21_0P5)
                                                   0.02      5.10 r
  u_exec/sub_3243_C3321/ctmi_49691/X (SAEDHVT14_OA21B_U_0P5)
                                                   0.05      5.15 f
  u_exec/sub_3243_C3321/ctmi_49689/X (SAEDHVT14_AOI21_0P5)
                                                   0.02      5.17 r
  u_exec/sub_3243_C3321/ctmi_49688/X (SAEDHVT14_OA21B_U_0P5)
                                                   0.06      5.23 f
  u_exec/sub_3243_C3321/ctmi_49686/X (SAEDHVT14_AOI21_0P5)
                                                   0.03      5.26 r
  u_exec/sub_3243_C3321/ctmi_49684/X (SAEDHVT14_OAI22_0P5)
                                                   0.05      5.32 f
  u_exec/sub_3243_C3321/ctmi_49683/X (SAEDHVT14_EN3_U_0P5)
                                                   0.08      5.40 r
  ctmi_45846/X (SAEDHVT14_OAI21_0P75)              0.03      5.43 f
  ctmi_45845/X (SAEDHVT14_OAI21_0P75)              0.03      5.45 r
  ctmi_45843/X (SAEDHVT14_AO221_0P5)               0.04      5.49 r
  ctmi_45842/X (SAEDHVT14_AOI21_0P75)              0.03      5.52 f
  ctmi_45841/X (SAEDHVT14_OAI21_0P75)              0.13      5.65 r
  ctmi_45861/X (SAEDHVT14_ND2_CDC_0P5)             0.08      5.73 f
  ctmi_45860/X (SAEDHVT14_NR2_1)                   0.32      6.05 r
  ctmi_45921/X (SAEDHVT14_AO22_0P75)               0.26      6.31 r
  ctmi_45920/X (SAEDHVT14_AO221_0P5)               0.07      6.38 r
  u_fetch/branch_pc_q_reg[6]/D (SAEDHVT14_FSDPRBQ_V2LP_2)
                                                   0.00      6.38 r
  data arrival time                                          6.38

  clock clk_i (rise edge)                         10.00     10.00
  clock network delay (propagated)                 0.08     10.08
  u_fetch/branch_pc_q_reg[6]/CK (SAEDHVT14_FSDPRBQ_V2LP_2)
                                                   0.00     10.08 r
  clock uncertainty                               -0.15      9.93
  library setup time                              -0.05      9.88
  data required time                                         9.88
  ------------------------------------------------------------------------
  data required time                                         9.88
  data arrival time                                         -6.38
  ------------------------------------------------------------------------
  slack (MET)                                                3.50


1
