****************************************
Report : design
Design : riscv_core
Version: V-2023.12-SP3
Date   : Wed Jul  8 13:10:52 2026
****************************************

Total number of std cells in library : 2229
Total number of dont_use lib cells   : 138
Total number of dont_touch lib cells : 0
Total number of buffers              : 159
Total number of inverters            : 147
Total number of flip-flops           : 447
Total number of latches              : 129
Total number of ICGs                 : 0

Cell Instance Type  Count         Area
--------------------------------------
TOTAL LEAF CELLS    13670     6996.241
unit                11962     6449.411
Standard cells      11962     6449.411
unit                11962     6449.411
Hard macro cells        0        0.000
unit                11962     6449.411
Soft macro cells        0        0.000
unit                11962     6449.411
Always on cells         0        0.000
unit                11962     6449.411
Physical only        1708      546.830
unit                11962     6449.411
Fixed cells          1708      546.830
unit                11962     6449.411
Moveable cells      11962     6449.411
unit                11962     6449.411
Placed cells            0        0.000
unit                11962     6449.411
Sequential           2319     2820.865
unit                11962     6449.411
Buffer/inverter      1157      205.483
unit                11962     6449.411
ICG cells               0        0.000
unit                11962     6449.411

Logic Hierarchies                    : 15
Design Masters count                 : 60
Total Flat nets count                : 12822
Total FloatingNets count             : 4
Total no of Ports                    : 269
Number of Master Clocks in design    : 1
Number of Generated Clocks in design : 0
Number of Path Groups in design      : 7 (1 of them Non Default)
Number of Scan Chains in design      : 0
List of Modes                        : FUNC
List of Corners                      : Fast, Typical, Slow
List of Scenarios                    : FUNC_Fast, FUNC_Slow, FUNC_Typical

Core Area                            : 10699.157
Chip Area                            : 12867.897
Total Site Row Area                  : 10699.157
Number of Blockages                  : 0
Total area of Blockages              : 0.000
Number of Power Domains              : 1
Number of Voltage Areas              : 1
Number of Group Bounds               : 0
Number of Exclusive MoveBounds       : 0
Number of Hard or Soft MoveBounds    : 0
Number of Multibit Registers         : 0
Number of Multibit LS/ISO Cells      : 0
Number of Top Level RP Groups        : 0
Number of Tech Layers                : 66 (56 of them have unknown routing dir.)

Total wire length                    : 0.00 micron
Total number of wires                : 0
Total number of contacts             : 8354
1
