Information: The command 'check_pg_connectivity' cleared the undo history. (UNDO-016)
Checking secondary net through power switch is enabled. 
Secondary net will be checked together from primary net. They will be treated as the same net
Primary Net : VDD    Secondary Net:
Primary Net : VSS    Secondary Net:
Loading cell instances...
Number of Standard Cells: 13670
Number of Macro Cells: 0
Number of IO Pad Cells: 0
Number of Blocks: 0
Loading P/G wires and vias...
Number of VDD Wires: 4719
Number of VDD Vias: 7570
Number of VDD Terminals: 208
**************Verify net VDD connectivity*****************
  Number of floating wires: 26
  Number of floating vias: 0
  Number of floating std cells: 9453
  Number of floating hard macros: 0
  Number of floating I/O pads: 0
  Number of floating terminals: 52
  Number of floating hierarchical blocks: 0
************************************************************
Loading cell instances...
Loading P/G wires and vias...
Number of VSS Wires: 168
Number of VSS Vias: 784
Number of VSS Terminals: 156
**************Verify net VSS connectivity*****************
  Number of floating wires: 112
  Number of floating vias: 0
  Number of floating std cells: 11161
  Number of floating hard macros: 0
  Number of floating I/O pads: 0
  Number of floating terminals: 52
  Number of floating hierarchical blocks: 0
************************************************************
Overall runtime: 0 seconds.
Command check_pg_drc started  at Wed Jul  8 12:41:15 2026
Command check_pg_drc finished at Wed Jul  8 12:41:15 2026
CPU usage for check_pg_drc: 0.14 seconds ( 0.00 hours)
Elapsed time for check_pg_drc: 0.03 seconds ( 0.00 hours)
No errors found.
