Information: Timer using 8 threads
Information: Corner Fast: no PVT mismatches. (PVT-032)
Information: Corner Typical: no PVT mismatches. (PVT-032)
Information: Corner Slow: no PVT mismatches. (PVT-032)
Warning: No valid clocks available in mode 'FUNC'. Setting clock frequency to 1 GHz. (POW-034)
****************************************
Report : power
        -significant_digits 2
Design : riscv_core
Version: V-2023.12-SP3
Date   : Wed Jul  8 12:41:15 2026
****************************************
Information: Activity propagation will be performed for scenario FUNC_Typical.
Warning: Mapping to scan cell 'SAEDLVT14_FSDPRBSBQ_V2_0P5' in library is not possible because cell has 'dont_use' attribute. (SQM-1067)
Warning: Mapping to scan cell 'SAEDLVT14_FSDPRBSBQ_V2_1' in library is not possible because cell has 'dont_use' attribute. (SQM-1067)
Warning: Mapping to scan cell 'SAEDLVT14_FSDPRBSBQ_V2_2' in library is not possible because cell has 'dont_use' attribute. (SQM-1067)
Warning: Mapping to scan cell 'SAEDLVT14_FSDPRBSBQ_V2_4' in library is not possible because cell has 'dont_use' attribute. (SQM-1067)
Warning: Mapping to scan cell 'SAEDLVT14_FSDPRBSBQ_V2LP_0P5' in library is not possible because cell has 'dont_use' attribute. (SQM-1067)
Warning: Mapping to scan cell 'SAEDLVT14_FSDPRBSBQ_V2LP_1' in library is not possible because cell has 'dont_use' attribute. (SQM-1067)
Warning: Mapping to scan cell 'SAEDLVT14_FSDPRBSBQ_V2LP_2' in library is not possible because cell has 'dont_use' attribute. (SQM-1067)
Warning: Mapping to scan cell 'SAEDRVT14_FSDPRBSBQ_V2_0P5' in library is not possible because cell has 'dont_use' attribute. (SQM-1067)
Warning: Mapping to scan cell 'SAEDRVT14_FSDPRBSBQ_V2_1' in library is not possible because cell has 'dont_use' attribute. (SQM-1067)
Warning: Mapping to scan cell 'SAEDRVT14_FSDPRBSBQ_V2_2' in library is not possible because cell has 'dont_use' attribute. (SQM-1067)
Information: Doing activity propagation for mode 'FUNC' and corner 'Typical' with effort level 'medium'. (POW-024)
Information: Timer-derived activity data is cached on scenario FUNC_Typical (POW-052)
Warning: No valid clocks available in mode 'FUNC'. Setting clock frequency to 1 GHz. (POW-034)
Infomation: Fast mode activity propagation power.rtl_activity_annotation setup is ignored. Always use accurate mode.
Information: Running switching activity propagation with 8 threads!

 **** Information : No. of simulation cycles = 7 ****
Information: Propagated activity on scenario FUNC_Fast identical to that on FUNC_Typical (POW-006)
Information: Propagated activity on scenario FUNC_Slow identical to that on FUNC_Fast (POW-006)
Information: The stitching and editing of coupling caps is turned OFF for design 'riscv_core.dlib:riscv_core/final_floorplan.design'. (TIM-125)
Information: Design Average RC for design riscv_core  (NEX-011)
Information: r = 2.059692 ohm/um, via_r = 1.236235 ohm/cut, c = 0.104999 ff/um, cc = 0.000000 ff/um (X dir) (NEX-017)
Information: r = 2.675530 ohm/um, via_r = 0.958471 ohm/cut, c = 0.102255 ff/um, cc = 0.000000 ff/um (Y dir) (NEX-017)
Information: The RC mode used is VR for design 'riscv_core'. (NEX-022)
Information: Update timing completed net estimation for all the timing graph nets (TIM-111)
Information: Net estimation statistics: timing graph nets = 12816, routed nets = 0, across physical hierarchy nets = 0, parasitics cached nets = 0, delay annotated nets = 0, parasitics annotated nets = 0, multi-voltage nets = 0. (TIM-112)
************************************************************
Timer Settings:
Delay Calculation Style:                   auto
Signal Integrity Analysis:                 disabled
Timing Window Analysis:                    disabled
Advanced Waveform Propagation:             disabled
Variation Type:                            fixed_derate
Clock Reconvergence Pessimism Removal:     disabled
Advanced Receiver Model:                   disabled
LLE:                                       disabled
ML Acceleration:                           off
************************************************************
Mode: FUNC
Corner: Fast
Scenario: FUNC_Fast
Voltage: 0.88
Temperature: 125.00

Voltage Unit         : 1V
Capacitance Unit     : 1pF
Time Unit            : 1ns
Temperature Unit     : 1C
Dynamic Power Unit   : 1pW
Leakage Power Unit   : 1pW
Warning: No valid clocks available in mode 'FUNC'. Setting clock frequency to 1 GHz. (POW-034)

Switched supply net power scaling:
scaling for leakage power

Supply nets:
VDD (power) probability 1.00 (default)
VSS (ground) probability 1.00 (default)
Warning: Power table extrapolation (extrapolation mode) for port X on cell ctmi_48052 for parameter Cout. Lowest table value = 0.001000, highest table value = 0.385300, value = 0.000568 (POW-046)
Warning: Power table extrapolation (extrapolation mode) for port D on cell u_issue/u_regfile/REGFILE.reg_r15_q_reg[29] for parameter Tinp. Lowest table value = 0.001000, highest table value = 1.000000, value = 45.877285 (POW-046)
Warning: Power table extrapolation (extrapolation mode) for port CK on cell u_issue/u_regfile/REGFILE.reg_r15_q_reg[29] for parameter Tinp. Lowest table value = 0.001000, highest table value = 1.000000, value = 0.000000 (POW-046)
Warning: Power table extrapolation (extrapolation mode) for port QN on cell u_issue/u_regfile/REGFILE.reg_r15_q_reg[29] for parameter Tinp. Lowest table value = 0.001000, highest table value = 1.000000, value = 0.000000 (POW-046)
Warning: Power table extrapolation (extrapolation mode) for port B2 on cell ctmi_47263 for parameter Tinp. Lowest table value = 0.001000, highest table value = 1.000000, value = 717.294556 (POW-046)
Warning: Power table extrapolation (extrapolation mode) for port X on cell ctmi_47263 for parameter Cout. Lowest table value = 0.001000, highest table value = 0.097200, value = 0.000470 (POW-046)
Warning: Power table extrapolation (extrapolation mode) for port X on cell ctmi_47263 for parameter Tinp. Lowest table value = 0.001000, highest table value = 1.000000, value = 514.039978 (POW-046)
Warning: Power table extrapolation (extrapolation mode) for port A2 on cell ctmi_47264 for parameter Tinp. Lowest table value = 0.001000, highest table value = 1.000000, value = 717.294556 (POW-046)
Warning: Power table extrapolation (extrapolation mode) for port X on cell ctmi_47264 for parameter Cout. Lowest table value = 0.001000, highest table value = 0.097200, value = 0.000470 (POW-046)
Warning: Power table extrapolation (extrapolation mode) for port X on cell ctmi_47264 for parameter Tinp. Lowest table value = 0.001000, highest table value = 1.000000, value = 514.039978 (POW-046)
Note - message 'POW-046' limit (10) exceeded. Remainder will be suppressed.

  Cell Internal Power    = 1.56e+11 pW ( 80.1%)
  Net Switching Power    = 3.88e+10 pW ( 19.9%)
Total Dynamic Power      = 1.95e+11 pW (100.0%)

Cell Leakage Power       = N/A


  Attributes
  ----------
      u  -  User defined power group

Power Group         Internal Power        Switching Power          Leakage Power            Total Power    (   %  )    Attrs
-----------------------------------------------------------------------------------------------------------------------------
io_pad                    0.00e+00               0.00e+00                    N/A               0.00e+00    (  0.0%)         
memory                    0.00e+00               0.00e+00                    N/A               0.00e+00    (  0.0%)         
black_box                 0.00e+00               0.00e+00                    N/A               0.00e+00    (  0.0%)         
clock_network             0.00e+00               0.00e+00                    N/A               0.00e+00    (  0.0%)         
register                  0.00e+00               0.00e+00                    N/A               0.00e+00    (  0.0%)         
sequential                1.85e+10               2.18e+06                    N/A               1.85e+10    (  9.5%)         
combinational             1.38e+11               3.88e+10                    N/A               1.77e+11    ( 90.5%)         
-----------------------------------------------------------------------------------------------------------------------------
Total                     1.56e+11 pW            3.88e+10 pW                 N/A               1.95e+11 pW
Mode: FUNC
Corner: Slow
Scenario: FUNC_Slow
Voltage: 0.72
Temperature: -40.00

Voltage Unit         : 1V
Capacitance Unit     : 1pF
Time Unit            : 1ns
Temperature Unit     : 1C
Dynamic Power Unit   : 1pW
Leakage Power Unit   : 1pW
Warning: No valid clocks available in mode 'FUNC'. Setting clock frequency to 1 GHz. (POW-034)

Switched supply net power scaling:
scaling for leakage power

Supply nets:
VDD (power) probability 1.00 (default)
VSS (ground) probability 1.00 (default)

  Cell Internal Power    = -9.66e+08 pW ( -3.9%)
  Net Switching Power    = 2.60e+10 pW (103.9%)
Total Dynamic Power      = 2.50e+10 pW (100.0%)

Cell Leakage Power       = 4.91e+04 pW


  Attributes
  ----------
      u  -  User defined power group

Power Group         Internal Power        Switching Power          Leakage Power            Total Power    (   %  )    Attrs
-----------------------------------------------------------------------------------------------------------------------------
io_pad                    0.00e+00               0.00e+00               0.00e+00               0.00e+00    (  0.0%)         
memory                    0.00e+00               0.00e+00               0.00e+00               0.00e+00    (  0.0%)         
black_box                 0.00e+00               0.00e+00               0.00e+00               0.00e+00    (  0.0%)         
clock_network             0.00e+00               0.00e+00               0.00e+00               0.00e+00    (  0.0%)         
register                  0.00e+00               0.00e+00               0.00e+00               0.00e+00    (  0.0%)         
sequential                2.13e+07               1.27e+06               2.40e+04               2.26e+07    (  0.1%)         
combinational            -9.88e+08               2.60e+10               2.50e+04               2.50e+10    ( 99.9%)         
-----------------------------------------------------------------------------------------------------------------------------
Total                    -9.66e+08 pW            2.60e+10 pW            4.91e+04 pW            2.50e+10 pW
Mode: FUNC
Corner: Typical
Scenario: FUNC_Typical
Voltage: 0.80
Temperature: 25.00

Voltage Unit         : 1V
Capacitance Unit     : 1pF
Time Unit            : 1ns
Temperature Unit     : 1C
Dynamic Power Unit   : 1pW
Leakage Power Unit   : 1pW
Warning: No valid clocks available in mode 'FUNC'. Setting clock frequency to 1 GHz. (POW-034)

Switched supply net power scaling:
scaling for leakage power

Supply nets:
VDD (power) probability 1.00 (default)
VSS (ground) probability 1.00 (default)

  Cell Internal Power    = 1.64e+10 pW ( 33.8%)
  Net Switching Power    = 3.21e+10 pW ( 66.2%)
Total Dynamic Power      = 4.84e+10 pW (100.0%)

Cell Leakage Power       = 3.10e+06 pW


  Attributes
  ----------
      u  -  User defined power group

Power Group         Internal Power        Switching Power          Leakage Power            Total Power    (   %  )    Attrs
-----------------------------------------------------------------------------------------------------------------------------
io_pad                    0.00e+00               0.00e+00               0.00e+00               0.00e+00    (  0.0%)         
memory                    0.00e+00               0.00e+00               0.00e+00               0.00e+00    (  0.0%)         
black_box                 0.00e+00               0.00e+00               0.00e+00               0.00e+00    (  0.0%)         
clock_network             0.00e+00               0.00e+00               0.00e+00               0.00e+00    (  0.0%)         
register                  0.00e+00               0.00e+00               0.00e+00               0.00e+00    (  0.0%)         
sequential                2.59e+09               1.76e+06               6.09e+05               2.59e+09    (  5.3%)         
combinational             1.38e+10               3.21e+10               2.49e+06               4.58e+10    ( 94.7%)         
-----------------------------------------------------------------------------------------------------------------------------
Total                     1.64e+10 pW            3.21e+10 pW            3.10e+06 pW            4.84e+10 pW
1
