****************************************
Report : power
        -significant_digits 2
Design : riscv_core
Version: V-2023.12-SP3
Date   : Wed Jul  8 14:18:33 2026
****************************************
Information: Activity propagation will be performed for scenario FUNC_Slow.
Information: Doing activity propagation for mode 'FUNC' and corner 'Slow' with effort level 'medium'. (POW-024)
Information: Timer-derived activity data is cached on scenario FUNC_Slow (POW-052)
Infomation: Fast mode activity propagation power.rtl_activity_annotation setup is ignored. Always use accurate mode.
Information: Running switching activity propagation with 8 threads!

 **** Information : No. of simulation cycles = 7 ****
Mode: FUNC
Corner: Fast
Scenario: FUNC_Fast
Voltage: 0.88
Temperature: 125.00

Voltage Unit         : 1V
Capacitance Unit     : 1pF
Time Unit            : 1ns
Temperature Unit     : 1C
Dynamic Power Unit   : 1pW
Leakage Power Unit   : 1pW

Switched supply net power scaling:
scaling for leakage power

Supply nets:
VDD (power) probability 1.00 (default)
VSS (ground) probability 1.00 (default)
Warning: Power table extrapolation (extrapolation mode) for port X on cell ctmi_42491 for parameter Cout. Lowest table value = 0.001000, highest table value = 0.216800, value = 0.000658 (POW-046)
Warning: Power table extrapolation (extrapolation mode) for port X on cell ctmi_42823 for parameter Cout. Lowest table value = 0.001000, highest table value = 0.173900, value = 0.000770 (POW-046)
Warning: Power table extrapolation (extrapolation mode) for port X on cell ctmi_48052 for parameter Cout. Lowest table value = 0.001000, highest table value = 0.385300, value = 0.000937 (POW-046)
Warning: Power table extrapolation (extrapolation mode) for port X on cell ctmi_42492 for parameter Cout. Lowest table value = 0.001000, highest table value = 0.384500, value = 0.000819 (POW-046)
Warning: Power table extrapolation (extrapolation mode) for port X on cell ctmi_47388 for parameter Cout. Lowest table value = 0.001000, highest table value = 0.097200, value = 0.000905 (POW-046)
Warning: Power table extrapolation (extrapolation mode) for port X on cell ctmi_47389 for parameter Cout. Lowest table value = 0.001000, highest table value = 0.097200, value = 0.000879 (POW-046)
Warning: Power table extrapolation (extrapolation mode) for port X on cell ctmi_47390 for parameter Cout. Lowest table value = 0.001000, highest table value = 0.097200, value = 0.000687 (POW-046)
Warning: Power table extrapolation (extrapolation mode) for port X on cell ctmi_47391 for parameter Cout. Lowest table value = 0.001000, highest table value = 0.097200, value = 0.000910 (POW-046)
Warning: Power table extrapolation (extrapolation mode) for port X on cell ctmi_47392 for parameter Cout. Lowest table value = 0.001000, highest table value = 0.097200, value = 0.000752 (POW-046)
Warning: Power table extrapolation (extrapolation mode) for port X on cell ctmi_47393 for parameter Cout. Lowest table value = 0.001000, highest table value = 0.097200, value = 0.000928 (POW-046)
Note - message 'POW-046' limit (10) exceeded. Remainder will be suppressed.
Warning: Fall toggles on pin u_issue/u_regfile/REGFILE.reg_r22_q_reg[2]/Q are impossible given input states; converted to rise toggles. (POW-069)
Warning: Fall toggles on pin u_issue/u_regfile/REGFILE.reg_r26_q_reg[0]/Q are impossible given input states; converted to rise toggles. (POW-069)
Warning: Fall toggles on pin u_issue/u_regfile/REGFILE.reg_r13_q_reg[0]/Q are impossible given input states; converted to rise toggles. (POW-069)

  Cell Internal Power    = 1.01e+09 pW ( 97.2%)
  Net Switching Power    = 2.96e+07 pW (  2.8%)
Total Dynamic Power      = 1.04e+09 pW (100.0%)

Cell Leakage Power       = N/A


  Attributes
  ----------
      u  -  User defined power group
      i  -  Includes clock pin internal power

Power Group         Internal Power        Switching Power          Leakage Power            Total Power    (   %  )    Attrs
-----------------------------------------------------------------------------------------------------------------------------
io_pad                    0.00e+00               0.00e+00                    N/A               0.00e+00    (  0.0%)         
memory                    0.00e+00               0.00e+00                    N/A               0.00e+00    (  0.0%)         
black_box                 0.00e+00               0.00e+00                    N/A               0.00e+00    (  0.0%)         
clock_network             9.98e+08               0.00e+00                    N/A               9.98e+08    ( 95.6%)        i
register                  2.87e+06               2.30e+06                    N/A               5.17e+06    (  0.5%)         
sequential                0.00e+00               0.00e+00                    N/A               0.00e+00    (  0.0%)         
combinational             1.32e+07               2.73e+07                    N/A               4.05e+07    (  3.9%)         
-----------------------------------------------------------------------------------------------------------------------------
Total                     1.01e+09 pW            2.96e+07 pW                 N/A               1.04e+09 pW
Mode: FUNC
Corner: Slow
Scenario: FUNC_Slow
Voltage: 0.72
Temperature: -40.00

Voltage Unit         : 1V
Capacitance Unit     : 1pF
Time Unit            : 1ns
Temperature Unit     : 1C
Dynamic Power Unit   : 1pW
Leakage Power Unit   : 1pW

Switched supply net power scaling:
scaling for leakage power

Supply nets:
VDD (power) probability 1.00 (default)
VSS (ground) probability 1.00 (default)
Warning: Fall toggles on pin u_issue/u_regfile/REGFILE.reg_r22_q_reg[2]/Q are impossible given input states; converted to rise toggles. (POW-069)
Warning: Fall toggles on pin u_issue/u_regfile/REGFILE.reg_r26_q_reg[0]/Q are impossible given input states; converted to rise toggles. (POW-069)
Warning: Fall toggles on pin u_issue/u_regfile/REGFILE.reg_r13_q_reg[0]/Q are impossible given input states; converted to rise toggles. (POW-069)

  Cell Internal Power    = 3.05e+08 pW ( 94.1%)
  Net Switching Power    = 1.90e+07 pW (  5.9%)
Total Dynamic Power      = 3.24e+08 pW (100.0%)

Cell Leakage Power       = 4.49e+04 pW


  Attributes
  ----------
      u  -  User defined power group
      i  -  Includes clock pin internal power

Power Group         Internal Power        Switching Power          Leakage Power            Total Power    (   %  )    Attrs
-----------------------------------------------------------------------------------------------------------------------------
io_pad                    0.00e+00               0.00e+00               0.00e+00               0.00e+00    (  0.0%)         
memory                    0.00e+00               0.00e+00               0.00e+00               0.00e+00    (  0.0%)         
black_box                 0.00e+00               0.00e+00               0.00e+00               0.00e+00    (  0.0%)         
clock_network             2.98e+08               0.00e+00               0.00e+00               2.98e+08    ( 92.0%)        i
register                  1.50e+06               1.53e+06               2.72e+04               3.05e+06    (  0.9%)         
sequential                0.00e+00               0.00e+00               0.00e+00               0.00e+00    (  0.0%)         
combinational             5.23e+06               1.75e+07               1.76e+04               2.27e+07    (  7.0%)         
-----------------------------------------------------------------------------------------------------------------------------
Total                     3.05e+08 pW            1.90e+07 pW            4.49e+04 pW            3.24e+08 pW
Mode: FUNC
Corner: Typical
Scenario: FUNC_Typical
Voltage: 0.80
Temperature: 25.00

Voltage Unit         : 1V
Capacitance Unit     : 1pF
Time Unit            : 1ns
Temperature Unit     : 1C
Dynamic Power Unit   : 1pW
Leakage Power Unit   : 1pW

Switched supply net power scaling:
scaling for leakage power

Supply nets:
VDD (power) probability 1.00 (default)
VSS (ground) probability 1.00 (default)
Warning: Fall toggles on pin u_issue/u_regfile/REGFILE.reg_r22_q_reg[2]/Q are impossible given input states; converted to rise toggles. (POW-069)
Warning: Fall toggles on pin u_issue/u_regfile/REGFILE.reg_r26_q_reg[0]/Q are impossible given input states; converted to rise toggles. (POW-069)
Warning: Fall toggles on pin u_issue/u_regfile/REGFILE.reg_r13_q_reg[0]/Q are impossible given input states; converted to rise toggles. (POW-069)

  Cell Internal Power    = 4.30e+08 pW ( 94.5%)
  Net Switching Power    = 2.50e+07 pW (  5.5%)
Total Dynamic Power      = 4.55e+08 pW (100.0%)

Cell Leakage Power       = 1.29e+06 pW


  Attributes
  ----------
      u  -  User defined power group
      i  -  Includes clock pin internal power

Power Group         Internal Power        Switching Power          Leakage Power            Total Power    (   %  )    Attrs
-----------------------------------------------------------------------------------------------------------------------------
io_pad                    0.00e+00               0.00e+00               0.00e+00               0.00e+00    (  0.0%)         
memory                    0.00e+00               0.00e+00               0.00e+00               0.00e+00    (  0.0%)         
black_box                 0.00e+00               0.00e+00               0.00e+00               0.00e+00    (  0.0%)         
clock_network             4.20e+08               0.00e+00               0.00e+00               4.20e+08    ( 92.0%)        i
register                  2.19e+06               1.96e+06               6.43e+05               4.80e+06    (  1.1%)         
sequential                0.00e+00               0.00e+00               0.00e+00               0.00e+00    (  0.0%)         
combinational             8.03e+06               2.30e+07               6.44e+05               3.17e+07    (  6.9%)         
-----------------------------------------------------------------------------------------------------------------------------
Total                     4.30e+08 pW            2.50e+07 pW            1.29e+06 pW            4.57e+08 pW
1
