****************************************
Report : power
        -significant_digits 2
Design : riscv_core
Version: V-2023.12-SP3
Date   : Sun Jul 12 20:31:00 2026
****************************************
Information: Activity propagation will be performed for scenario FUNC_Fast.
Information: Doing activity propagation for mode 'FUNC' and corner 'Fast' with effort level 'medium'. (POW-024)
Information: Timer-derived activity data is cached on scenario FUNC_Fast (POW-052)
Infomation: Fast mode activity propagation power.rtl_activity_annotation setup is ignored. Always use accurate mode.
Information: Running switching activity propagation with 8 threads!

 **** Information : No. of simulation cycles = 7 ****
Mode: FUNC
Corner: Fast
Scenario: FUNC_Fast
Voltage: 0.88
Temperature: 125.00

Voltage Unit         : 1V
Capacitance Unit     : 1pF
Time Unit            : 1ns
Temperature Unit     : 1C
Dynamic Power Unit   : 1pW
Leakage Power Unit   : 1pW

Switched supply net power scaling:
scaling for leakage power

Supply nets:
VDD (power) probability 1.00 (default)
VSS (ground) probability 1.00 (default)
Warning: Power table extrapolation (extrapolation mode) for port X on cell ctmi_48052 for parameter Cout. Lowest table value = 0.001000, highest table value = 0.385300, value = 0.000776 (POW-046)
Warning: Power table extrapolation (extrapolation mode) for port X on cell ctmi_44241 for parameter Cout. Lowest table value = 0.001000, highest table value = 0.097200, value = 0.000583 (POW-046)
Warning: Power table extrapolation (extrapolation mode) for port X on cell ctmi_45064 for parameter Cout. Lowest table value = 0.001000, highest table value = 0.097200, value = 0.000655 (POW-046)
Warning: Power table extrapolation (extrapolation mode) for port X on cell ctmi_47396 for parameter Cout. Lowest table value = 0.001000, highest table value = 0.097200, value = 0.000860 (POW-046)
Warning: Power table extrapolation (extrapolation mode) for port X on cell ctmi_47933 for parameter Cout. Lowest table value = 0.001000, highest table value = 0.097200, value = 0.000865 (POW-046)
Warning: Power table extrapolation (extrapolation mode) for port X on cell ctmi_42158 for parameter Cout. Lowest table value = 0.001000, highest table value = 0.097200, value = 0.000865 (POW-046)
Warning: Power table extrapolation (extrapolation mode) for port X on cell ctmi_47934 for parameter Cout. Lowest table value = 0.001000, highest table value = 0.097200, value = 0.000767 (POW-046)
Warning: Power table extrapolation (extrapolation mode) for port X on cell ctmi_47935 for parameter Cout. Lowest table value = 0.001000, highest table value = 0.097200, value = 0.000887 (POW-046)
Warning: Power table extrapolation (extrapolation mode) for port X on cell ctmi_47936 for parameter Cout. Lowest table value = 0.001000, highest table value = 0.097200, value = 0.000858 (POW-046)
Warning: Power table extrapolation (extrapolation mode) for port X on cell ctmi_47937 for parameter Cout. Lowest table value = 0.001000, highest table value = 0.097200, value = 0.000983 (POW-046)
Warning: Fall toggles on pin u_issue/u_regfile/REGFILE.reg_r22_q_reg[2]/Q are impossible given input states; converted to rise toggles. (POW-069)
Warning: Fall toggles on pin u_issue/u_regfile/REGFILE.reg_r26_q_reg[0]/Q are impossible given input states; converted to rise toggles. (POW-069)
Warning: Fall toggles on pin u_issue/u_regfile/REGFILE.reg_r13_q_reg[0]/Q are impossible given input states; converted to rise toggles. (POW-069)

  Cell Internal Power    = 1.01e+09 pW ( 97.2%)
  Net Switching Power    = 2.94e+07 pW (  2.8%)
Total Dynamic Power      = 1.04e+09 pW (100.0%)

Cell Leakage Power       = N/A


  Attributes
  ----------
      u  -  User defined power group
      i  -  Includes clock pin internal power

Power Group         Internal Power        Switching Power          Leakage Power            Total Power    (   %  )    Attrs
-----------------------------------------------------------------------------------------------------------------------------
io_pad                    0.00e+00               0.00e+00                    N/A               0.00e+00    (  0.0%)         
memory                    0.00e+00               0.00e+00                    N/A               0.00e+00    (  0.0%)         
black_box                 0.00e+00               0.00e+00                    N/A               0.00e+00    (  0.0%)         
clock_network             9.98e+08               0.00e+00                    N/A               9.98e+08    ( 95.6%)        i
register                  2.87e+06               2.31e+06                    N/A               5.18e+06    (  0.5%)         
sequential                0.00e+00               0.00e+00                    N/A               0.00e+00    (  0.0%)         
combinational             1.32e+07               2.71e+07                    N/A               4.02e+07    (  3.9%)         
-----------------------------------------------------------------------------------------------------------------------------
Total                     1.01e+09 pW            2.94e+07 pW                 N/A               1.04e+09 pW
Mode: FUNC
Corner: Slow
Scenario: FUNC_Slow
Voltage: 0.72
Temperature: -40.00

Voltage Unit         : 1V
Capacitance Unit     : 1pF
Time Unit            : 1ns
Temperature Unit     : 1C
Dynamic Power Unit   : 1pW
Leakage Power Unit   : 1pW

Switched supply net power scaling:
scaling for leakage power

Supply nets:
VDD (power) probability 1.00 (default)
VSS (ground) probability 1.00 (default)
Warning: Fall toggles on pin u_issue/u_regfile/REGFILE.reg_r22_q_reg[2]/Q are impossible given input states; converted to rise toggles. (POW-069)
Warning: Fall toggles on pin u_issue/u_regfile/REGFILE.reg_r26_q_reg[0]/Q are impossible given input states; converted to rise toggles. (POW-069)
Warning: Fall toggles on pin u_issue/u_regfile/REGFILE.reg_r13_q_reg[0]/Q are impossible given input states; converted to rise toggles. (POW-069)

  Cell Internal Power    = 3.05e+08 pW ( 94.2%)
  Net Switching Power    = 1.88e+07 pW (  5.8%)
Total Dynamic Power      = 3.24e+08 pW (100.0%)

Cell Leakage Power       = 4.50e+04 pW


  Attributes
  ----------
      u  -  User defined power group
      i  -  Includes clock pin internal power

Power Group         Internal Power        Switching Power          Leakage Power            Total Power    (   %  )    Attrs
-----------------------------------------------------------------------------------------------------------------------------
io_pad                    0.00e+00               0.00e+00               0.00e+00               0.00e+00    (  0.0%)         
memory                    0.00e+00               0.00e+00               0.00e+00               0.00e+00    (  0.0%)         
black_box                 0.00e+00               0.00e+00               0.00e+00               0.00e+00    (  0.0%)         
clock_network             2.98e+08               0.00e+00               0.00e+00               2.98e+08    ( 92.1%)        i
register                  1.50e+06               1.54e+06               2.72e+04               3.06e+06    (  0.9%)         
sequential                0.00e+00               0.00e+00               0.00e+00               0.00e+00    (  0.0%)         
combinational             5.23e+06               1.73e+07               1.77e+04               2.25e+07    (  7.0%)         
-----------------------------------------------------------------------------------------------------------------------------
Total                     3.05e+08 pW            1.88e+07 pW            4.50e+04 pW            3.24e+08 pW
Mode: FUNC
Corner: Typical
Scenario: FUNC_Typical
Voltage: 0.80
Temperature: 25.00

Voltage Unit         : 1V
Capacitance Unit     : 1pF
Time Unit            : 1ns
Temperature Unit     : 1C
Dynamic Power Unit   : 1pW
Leakage Power Unit   : 1pW

Switched supply net power scaling:
scaling for leakage power

Supply nets:
VDD (power) probability 1.00 (default)
VSS (ground) probability 1.00 (default)
Warning: Fall toggles on pin u_issue/u_regfile/REGFILE.reg_r22_q_reg[2]/Q are impossible given input states; converted to rise toggles. (POW-069)
Warning: Fall toggles on pin u_issue/u_regfile/REGFILE.reg_r26_q_reg[0]/Q are impossible given input states; converted to rise toggles. (POW-069)
Warning: Fall toggles on pin u_issue/u_regfile/REGFILE.reg_r13_q_reg[0]/Q are impossible given input states; converted to rise toggles. (POW-069)

  Cell Internal Power    = 4.30e+08 pW ( 94.6%)
  Net Switching Power    = 2.48e+07 pW (  5.4%)
Total Dynamic Power      = 4.55e+08 pW (100.0%)

Cell Leakage Power       = 1.28e+06 pW


  Attributes
  ----------
      u  -  User defined power group
      i  -  Includes clock pin internal power

Power Group         Internal Power        Switching Power          Leakage Power            Total Power    (   %  )    Attrs
-----------------------------------------------------------------------------------------------------------------------------
io_pad                    0.00e+00               0.00e+00               0.00e+00               0.00e+00    (  0.0%)         
memory                    0.00e+00               0.00e+00               0.00e+00               0.00e+00    (  0.0%)         
black_box                 0.00e+00               0.00e+00               0.00e+00               0.00e+00    (  0.0%)         
clock_network             4.20e+08               0.00e+00               0.00e+00               4.20e+08    ( 92.1%)        i
register                  2.19e+06               1.98e+06               6.43e+05               4.81e+06    (  1.1%)         
sequential                0.00e+00               0.00e+00               0.00e+00               0.00e+00    (  0.0%)         
combinational             8.03e+06               2.28e+07               6.42e+05               3.15e+07    (  6.9%)         
-----------------------------------------------------------------------------------------------------------------------------
Total                     4.30e+08 pW            2.48e+07 pW            1.28e+06 pW            4.57e+08 pW
1
