****************************************
Report : qor
Design : riscv_core
Version: V-2023.12-SP3
Date   : Wed Jul  8 13:29:39 2026
****************************************


Scenario           'FUNC_Fast'
Timing Path Group  'clk_i'
----------------------------------------
Worst Hold Violation:              0.00
Total Hold Violation:              0.00
No. of Hold Violations:               0
----------------------------------------

Scenario           'FUNC_Slow'
Timing Path Group  '**in2reg_default**'
----------------------------------------
Levels of Logic:                     82
Critical Path Length:              6.05
Critical Path Slack:               3.74
Critical Path Clk Period:         10.00
Total Negative Slack:              0.00
No. of Violating Paths:               0
----------------------------------------

Scenario           'FUNC_Slow'
Timing Path Group  '**reg2out_default**'
----------------------------------------
Levels of Logic:                     29
Critical Path Length:              3.89
Critical Path Slack:               5.76
Critical Path Clk Period:         10.00
Total Negative Slack:              0.00
No. of Violating Paths:               0
----------------------------------------

Scenario           'FUNC_Slow'
Timing Path Group  '**in2out_default**'
----------------------------------------
Levels of Logic:                     28
Critical Path Length:              3.68
Critical Path Slack:               5.97
Critical Path Clk Period:         10.00
Total Negative Slack:              0.00
No. of Violating Paths:               0
----------------------------------------

Scenario           'FUNC_Slow'
Timing Path Group  'clk_i'
----------------------------------------
Levels of Logic:                     83
Critical Path Length:              6.27
Critical Path Slack:               3.53
Critical Path Clk Period:         10.00
Total Negative Slack:              0.00
No. of Violating Paths:               0
----------------------------------------

Scenario           'FUNC_Typical'
Timing Path Group  '**in2reg_default**'
----------------------------------------
Levels of Logic:                     82
Critical Path Length:              2.90
Critical Path Slack:               6.92
Critical Path Clk Period:         10.00
Total Negative Slack:              0.00
No. of Violating Paths:               0
----------------------------------------

Scenario           'FUNC_Typical'
Timing Path Group  '**reg2out_default**'
----------------------------------------
Levels of Logic:                     29
Critical Path Length:              1.94
Critical Path Slack:               7.71
Critical Path Clk Period:         10.00
Total Negative Slack:              0.00
No. of Violating Paths:               0
----------------------------------------

Scenario           'FUNC_Typical'
Timing Path Group  '**in2out_default**'
----------------------------------------
Levels of Logic:                     28
Critical Path Length:              1.90
Critical Path Slack:               7.75
Critical Path Clk Period:         10.00
Total Negative Slack:              0.00
No. of Violating Paths:               0
----------------------------------------

Scenario           'FUNC_Typical'
Timing Path Group  'clk_i'
----------------------------------------
Levels of Logic:                     83
Critical Path Length:              2.94
Critical Path Slack:               6.89
Critical Path Clk Period:         10.00
Total Negative Slack:              0.00
No. of Violating Paths:               0
Worst Hold Violation:              0.00
Total Hold Violation:              0.00
No. of Hold Violations:               0
----------------------------------------


Cell Count
----------------------------------------
Hierarchical Cell Count:             15
Hierarchical Port Count:           1567
Leaf Cell Count:                  12254
Buf/Inv Cell Count:                1249
Buf Cell Count:                      79
Inv Cell Count:                    1170
Combinational Cell Count:          9935
   Single-bit Isolation Cell Count:                        0
   Multi-bit Isolation Cell Count:                         0
   Isolation Cell Banking Ratio:                           0.00%
   Single-bit Level Shifter Cell Count:                    0
   Multi-bit Level Shifter Cell Count:                     0
   Level Shifter Cell Banking Ratio:                       0.00%
   Single-bit ELS Cell Count:                              0
   Multi-bit ELS Cell Count:                               0
   ELS Cell Banking Ratio:                                 0.00%
Sequential Cell Count:             2319
   Integrated Clock-Gating Cell Count:                     0
   Sequential Macro Cell Count:                            0
   Single-bit Sequential Cell Count:                       2319
   Multi-bit Sequential Cell Count:                        0
   Sequential Cell Banking Ratio:                          0.00%
   BitsPerflop:                                            1.00
Macro Count:                          0
----------------------------------------


Area
----------------------------------------
Combinational Area:             3805.21
Noncombinational Area:          2879.70
Buf/Inv Area:                    228.84
Total Buffer Area:                21.05
Total Inverter Area:             207.79
Macro/Black Box Area:              0.00
Net Area:                             0
Net XLength:                   63624.14
Net YLength:                   62215.72
----------------------------------------
Cell Area (netlist):                           6684.91
Cell Area (netlist and physical only):         7231.74
Net Length:                   125839.86


Design Rules
----------------------------------------
Total Number of Nets:             13089
Nets with Violations:              4498
Max Trans Violations:                 0
Max Cap Violations:                   0
----------------------------------------

1
