Warning: Scenario FUNC_Slow is not configured for hold analysis: skipping. (UIC-058)
****************************************
Report : timing
        -path_type full
        -delay_type min
        -max_paths 1
        -report_by design
Design : riscv_core
Version: V-2023.12-SP3
Date   : Sun Jul 12 20:31:02 2026
****************************************

  Startpoint: u_issue/u_regfile/REGFILE.reg_r24_q_reg[28] (rising edge-triggered flip-flop clocked by clk_i)
  Endpoint: u_issue/u_regfile/REGFILE.reg_r24_q_reg[28] (rising edge-triggered flip-flop clocked by clk_i)
  Mode: FUNC
  Corner: Typical
  Scenario: FUNC_Typical
  Path Group: clk_i
  Path Type: min

  Point                                            Incr      Path  
  ------------------------------------------------------------------------
  clock clk_i (rise edge)                          0.00      0.00
  clock network delay (ideal)                      0.00      0.00

  u_issue/u_regfile/REGFILE.reg_r24_q_reg[28]/CK (SAEDHVT14_FSDP_V2LP_1)
                                                   0.00      0.00 r
  u_issue/u_regfile/REGFILE.reg_r24_q_reg[28]/QN (SAEDHVT14_FSDP_V2LP_1)
                                                   0.04      0.04 r
  ctmi_47813/X (SAEDHVT14_OAI22_0P5)               0.01      0.05 f
  u_issue/u_regfile/REGFILE.reg_r24_q_reg[28]/D (SAEDHVT14_FSDP_V2LP_1)
                                                   0.00      0.05 f
  data arrival time                                          0.05

  clock clk_i (rise edge)                          0.00      0.00
  clock network delay (ideal)                      0.00      0.00
  u_issue/u_regfile/REGFILE.reg_r24_q_reg[28]/CK (SAEDHVT14_FSDP_V2LP_1)
                                                   0.00      0.00 r
  library hold time                                0.05      0.05
  data required time                                         0.05
  ------------------------------------------------------------------------
  data required time                                         0.05
  data arrival time                                         -0.05
  ------------------------------------------------------------------------
  slack (MET)                                                0.00


1
