Warning: Cell contains tie connections which are not connected to real PG. (ZRT-511)
Cell Min-Routing-Layer = M2
Cell Max-Routing-Layer = MRDL
Turn off antenna since no rule is specified
Information: Option route.detail.force_end_on_preferred_grid will be ignored since none of the layers have preferred grid. (ZRT-703)
Warning: Cannot find a default contact code for layer VIA0. (ZRT-022)
Warning: Port VDD of cell riscv_core is unplaced.  This may impact routing result. (ZRT-740)
Warning: Port VSS of cell riscv_core is unplaced.  This may impact routing result. (ZRT-740)
Warning: Ignore 2 top cell ports with no pins. (ZRT-027)
Info: number of net_type_blockage: 0 
Information: Via ladder engine would be activated for pattern must join connection in certain commands. Please refer to man-page for the command list. (ZRT-619)
Via on layer (VIA1) needs more than one tracks
Warning: Layer M1 default pitch 0.074 may be too small to handle up/down via. Note, that minimum requirements are "wire/via-down 0.074" & "wire/via-up 0.078". (ZRT-026)
Via on layer (VIA1) needs more than one tracks
Warning: Layer M2 default pitch 0.060 may be too small to handle up/down via. Note, that minimum requirements are "wire/via-down 0.078" & "wire/via-up 0.060". (ZRT-026)
Via on layer (VIA4) needs more than one tracks
Warning: Layer M5 default pitch 0.100 may be too small to handle up/down via. Note, that minimum requirements are "wire/via-down 0.120" & "wire/via-up 0.100". (ZRT-026)
Via on layer (VIA7) needs more than one tracks
Warning: Layer M7 default pitch 0.100 may be too small to handle up/down via. Note, that minimum requirements are "wire/via-down 0.100" & "wire/via-up 0.102". (ZRT-026)
Via on layer (VIA7) needs more than one tracks
Warning: Layer M8 default pitch 0.100 may be too small to handle up/down via. Note, that minimum requirements are "wire/via-down 0.102" & "wire/via-up 0.100". (ZRT-026)
Via on layer (VIARDL) needs more than one tracks
Warning: Layer M9 default pitch 0.100 may be too small to handle up/down via. Note, that minimum requirements are "wire/via-down 0.100" & "wire/via-up 1.570". (ZRT-026)
Via on layer (VIARDL) needs more than one tracks
Warning: Layer MRDL default pitch 4.000 may be too small to handle up/down via. Note, that minimum requirements are "wire/via-down 4.500" & "wire/via-up 4.000". (ZRT-026)
Information: When applicable Min-max layer allow_pin_connection mode will allow paths of length 1.35 outside the layer range. (ZRT-707)
Information: When applicable Min-max layer allow_pin_connection mode will allow paths of length 1.35 outside the layer range on clock nets. (ZRT-718)
Information: When applicable layer based tapering will taper up to 0.00 in distance from the pin. (ZRT-706)


Start checking for open nets ... 

Total number of nets = 13168, of which 0 are not extracted
Total number of open nets = 0, of which 0 are frozen

Check 13168 nets, 0 have Errors

[CHECK OPEN NETS] Elapsed real time: 0:00:00 
[CHECK OPEN NETS] Elapsed cpu  time: sys=0:00:00 usr=0:00:00 total=0:00:00
[CHECK OPEN NETS] Stage (MB): Used    0  Alloctr    0  Proc    0 
[CHECK OPEN NETS] Total (MB): Used   76  Alloctr   78  Proc 18415 
Set do DRC check for soft spacing DRC!
Printing options for 'route.common.*'
common.eco_route_fix_existing_drc                       :	 true                
common.via_on_grid_by_layer_name                        :	 {VIA1 false} {VIA2 true}
common.wire_on_grid_by_layer_name                       :	 {M1 true} {M2 true} {M3 true}

Printing options for 'route.detail.*'
detail.eco_route_use_soft_spacing_for_timing_optimization:	 true                
detail.timing_driven                                    :	 true                

Printing options for 'route.auto_via_ladder.*'


Begin full DRC check ...

Information: Using 8 threads for routing. (ZRT-444)
Checked	1/25 Partitions, Violations =	0
Checked	2/25 Partitions, Violations =	0
Checked	3/25 Partitions, Violations =	1
Checked	4/25 Partitions, Violations =	1
Checked	5/25 Partitions, Violations =	5
Checked	6/25 Partitions, Violations =	10
Checked	7/25 Partitions, Violations =	10
Checked	8/25 Partitions, Violations =	11
Checked	9/25 Partitions, Violations =	12
Checked	10/25 Partitions, Violations =	12
Checked	11/25 Partitions, Violations =	12
Checked	12/25 Partitions, Violations =	12
Checked	13/25 Partitions, Violations =	12
Checked	14/25 Partitions, Violations =	13
Checked	15/25 Partitions, Violations =	13
Checked	16/25 Partitions, Violations =	14
Checked	17/25 Partitions, Violations =	14
Checked	18/25 Partitions, Violations =	19
Checked	19/25 Partitions, Violations =	19
Checked	20/25 Partitions, Violations =	19
Checked	21/25 Partitions, Violations =	20
Checked	22/25 Partitions, Violations =	20
Checked	23/25 Partitions, Violations =	20
Checked	24/25 Partitions, Violations =	20
Checked	25/25 Partitions, Violations =	20
[DRC CHECK] Elapsed real time: 0:00:07 
[DRC CHECK] Elapsed cpu  time: sys=0:00:00 usr=0:00:13 total=0:00:13
[DRC CHECK] Stage (MB): Used    0  Alloctr    1  Proc    0 
[DRC CHECK] Total (MB): Used  153  Alloctr  156  Proc 18415 
Warning: No antenna rules defined, Skip antenna analysis. (ZRT-309)
Information: Merged away 3 aligned/redundant DRCs. (ZRT-305)

DRC-SUMMARY:
	@@@@@@@ TOTAL VIOLATIONS =	17
	End of line enclosure : 3
	Less than minimum edge length : 2
	Non-preferred direction route : 7
	Same net via-cut spacing : 5


Total Wire Length =                    133252 micron
Total Number of Contacts =             129486
Total Number of Wires =                137743
Total Number of PtConns =              12602
Total Number of Routed Wires =       136836
Total Routed Wire Length =           132106 micron
Total Number of Routed Contacts =       129113
	Layer                   M1 :        145 micron
	Layer                   M2 :      32649 micron
	Layer                   M3 :      38430 micron
	Layer                   M4 :      23796 micron
	Layer                   M5 :      18537 micron
	Layer                   M6 :      11698 micron
	Layer                   M7 :       4956 micron
	Layer                   M8 :       1685 micron
	Layer                   M9 :        209 micron
	Layer                 MRDL :          0 micron
	Via             VIA89_Base :         12
	Via                VIA78SQ :        130
	Via            VIA78SQ_1x2 :          7
	Via            VIA78SQ_2x1 :          1
	Via              VIA67SQ_C :        636
	Via          VIA67SQ_C_1x2 :          1
	Via          VIA67SQ_C_2x1 :          6
	Via               VIA5SQ_C :       2062
	Via           VIA5SQ_C_1x2 :         52
	Via             VIA4BAR1_C :          3
	Via                 VIA4SQ :       5442
	Via               VIA4BAR2 :          1
	Via         VIA34SQ_C(rot) :          9
	Via           VIA34SQ(rot) :          8
	Via       VIA3_34SQ_C(rot) :         21
	Via              VIA3_34SQ :        112
	Via         VIA3_34SQ(rot) :      14781
	Via     VIA34SQ_C(rot)_1x2 :       1591
	Via   VIA34BAR2_C(rot)_1x2 :         17
	Via              VIA2_Base :      24678
	Via              VIA23SQ_C :        638
	Via            VIA2_33SQ_C :          2
	Via          VIA2_Base_1x2 :      35785
	Via         VIA12SQ_C(rot) :        142
	Via              VIA1_Base :      30936
	Via          VIA1_Base_1x2 :       3734
	Via          VIA1_Base_2x1 :       8306

 
Redundant via conversion report:
--------------------------------

  Total optimized via conversion rate = 38.28% (49564 / 129486 vias)
 
    Layer VIA1       = 27.96% (12066  / 43152   vias)
        Weight 1     = 27.96% (12066   vias)
        Un-optimized =  0.00% (0       vias)
        Un-mapped    = 72.04% (31086   vias)
    Layer VIA2       = 58.57% (35812  / 61140   vias)
        Weight 1     = 58.57% (35812   vias)
        Un-optimized =  0.00% (0       vias)
        Un-mapped    = 41.43% (25328   vias)
    Layer VIA3       =  9.70% (1608   / 16579   vias)
        Weight 1     =  9.70% (1608    vias)
        Un-optimized =  0.00% (0       vias)
        Un-mapped    = 90.30% (14971   vias)
    Layer VIA4       =  0.00% (0      / 5528    vias)
        Un-optimized =  0.00% (0       vias)
        Un-mapped    = 100.00% (5528    vias)
    Layer VIA5       =  2.50% (57     / 2277    vias)
        Weight 1     =  2.50% (57      vias)
        Un-optimized =  0.00% (0       vias)
        Un-mapped    = 97.50% (2220    vias)
    Layer VIA6       =  1.97% (13     / 660     vias)
        Weight 1     =  1.97% (13      vias)
        Un-optimized =  0.00% (0       vias)
        Un-mapped    = 98.03% (647     vias)
    Layer VIA7       =  5.80% (8      / 138     vias)
        Weight 1     =  5.80% (8       vias)
        Un-optimized =  0.00% (0       vias)
        Un-mapped    = 94.20% (130     vias)
    Layer VIA8       =  0.00% (0      / 12      vias)
        Un-optimized =  0.00% (0       vias)
        Un-mapped    = 100.00% (12      vias)
 
  Total double via conversion rate    = 38.28% (49564 / 129486 vias)
 
    Layer VIA1       = 27.96% (12066  / 43152   vias)
    Layer VIA2       = 58.57% (35812  / 61140   vias)
    Layer VIA3       =  9.70% (1608   / 16579   vias)
    Layer VIA4       =  0.00% (0      / 5528    vias)
    Layer VIA5       =  2.50% (57     / 2277    vias)
    Layer VIA6       =  1.97% (13     / 660     vias)
    Layer VIA7       =  5.80% (8      / 138     vias)
    Layer VIA8       =  0.00% (0      / 12      vias)
 
  The optimized via conversion rate based on total routed via count = 38.28% (49564 / 129486 vias)
 
    Layer VIA1       = 27.96% (12066  / 43152   vias)
        Weight 1     = 27.96% (12066   vias)
        Un-optimized =  0.00% (0       vias)
        Un-mapped    = 72.04% (31086   vias)
    Layer VIA2       = 58.57% (35812  / 61140   vias)
        Weight 1     = 58.57% (35812   vias)
        Un-optimized =  0.00% (0       vias)
        Un-mapped    = 41.43% (25328   vias)
    Layer VIA3       =  9.70% (1608   / 16579   vias)
        Weight 1     =  9.70% (1608    vias)
        Un-optimized =  0.00% (0       vias)
        Un-mapped    = 90.30% (14971   vias)
    Layer VIA4       =  0.00% (0      / 5528    vias)
        Un-optimized =  0.00% (0       vias)
        Un-mapped    = 100.00% (5528    vias)
    Layer VIA5       =  2.50% (57     / 2277    vias)
        Weight 1     =  2.50% (57      vias)
        Un-optimized =  0.00% (0       vias)
        Un-mapped    = 97.50% (2220    vias)
    Layer VIA6       =  1.97% (13     / 660     vias)
        Weight 1     =  1.97% (13      vias)
        Un-optimized =  0.00% (0       vias)
        Un-mapped    = 98.03% (647     vias)
    Layer VIA7       =  5.80% (8      / 138     vias)
        Weight 1     =  5.80% (8       vias)
        Un-optimized =  0.00% (0       vias)
        Un-mapped    = 94.20% (130     vias)
    Layer VIA8       =  0.00% (0      / 12      vias)
        Un-optimized =  0.00% (0       vias)
        Un-mapped    = 100.00% (12      vias)
 


Verify Summary:

Total number of nets = 13168, of which 0 are not extracted
Total number of open nets = 0, of which 0 are frozen
Total number of excluded ports = 0 ports of 0 unplaced cells connected to 0 nets
                                 0 ports without pins of 0 cells connected to 0 nets
                                 0 ports of 0 cover cells connected to 0 non-pg nets
Total number of DRCs = 17
Total number of antenna violations = no antenna rules defined
Total number of tie to rail violations = not checked
Total number of tie to rail directly violations = not checked


