Information: Using 8 threads for LVS
[Check Short] Stage 1	[Check Net] Init	Elapsed =    0:00:00, CPU =    0:00:00
Elapsed =    0:00:00, CPU =    0:00:00
Warning: Port VDD have no valid pin shapes. Skip this port. (RT-203)
Warning: Port VSS have no valid pin shapes. Skip this port. (RT-203)
[Check Short] Stage 1-2	Elapsed =    0:00:00, CPU =    0:00:01
[Check Short] Stage 2	Elapsed =    0:00:00, CPU =    0:00:01
Detected more than 20 short violations. Skip checking short violations
[Check Short] Stage 3	Elapsed =    0:00:00, CPU =    0:00:02
[Check Short] End	Elapsed =    0:00:00, CPU =    0:00:02
[Check Net] 10% 	Elapsed =    0:00:00, CPU =    0:00:03
[Check Net] 20% 	Elapsed =    0:00:00, CPU =    0:00:03
[Check Net] 30% 	Elapsed =    0:00:00, CPU =    0:00:03
[Check Net] 40% 	Elapsed =    0:00:00, CPU =    0:00:03
[Check Net] 50% 	Elapsed =    0:00:00, CPU =    0:00:03
[Check Net] 60% 	Elapsed =    0:00:00, CPU =    0:00:03
[Check Net] 70% 	Elapsed =    0:00:00, CPU =    0:00:03
[Check Net] 80% 	Elapsed =    0:00:00, CPU =    0:00:03
[Check Net] 90% 	Elapsed =    0:00:00, CPU =    0:00:03
[Check Net] All nets are submitted.
Warning: Net place_optHFSNET_9 has less than 2 valid port. Skip open checking for this net. (RT-204)
[Check Net] 100%	Elapsed =    0:00:00, CPU =    0:00:04
Information: Detected short violation. Cell1: u_lsu/add_4452/ctmi_49877. Net2: VDD. BBox: (19.4650 31.3830)(19.5350 31.4170). Layer: M1. (RT-586)
Information: Detected short violation. Cell1: snps_ADD_163/ctmi_49900. Net2: VDD. BBox: (23.9020 31.3530)(24.2820 31.4470). Layer: M1. (RT-586)
Information: Detected short violation. Cell1: snps_ADD_163/U_82. Net2: VDD. BBox: (23.3910 31.3530)(25.5400 31.4470). Layer: M1. (RT-586)
Information: Detected short violation. Cell1: snps_ADD_163/ctmi_49899. Net2: VDD. BBox: (23.1620 31.3530)(23.5420 31.4470). Layer: M1. (RT-586)
Information: Detected short violation. Cell1: snps_ADD_163/U_82. Net2: VDD. BBox: (23.4650 31.3830)(23.5350 31.4170). Layer: M1. (RT-586)
Information: Detected short violation. Cell1: snps_ADD_163/ctmi_49899. Net2: VDD. BBox: (23.4650 31.3830)(23.5350 31.4170). Layer: M1. (RT-586)
Information: Detected short violation. Cell1: tapfiller!SAEDRVT14_TAPDS!168. Cell2: u_lsu/add_4452/U_82. BBox: (19.9800 30.7530)(20.0640 30.8470). Layer: M1. (RT-586)
Information: Detected short violation. Cell1: tapfiller!SAEDRVT14_TAPDS!164. Cell2: u_lsu/add_4452/U_82. BBox: (19.9800 30.7530)(20.0640 30.8470). Layer: M1. (RT-586)
Information: Detected short violation. Cell1: u_lsu/add_4452/U_82. Cell2: u_mul/operand_a_e1_q_reg[24]. BBox: (17.9150 30.7530)(19.3240 30.8470). Layer: M1. (RT-586)
Information: Detected short violation. Cell1: tapfiller!SAEDRVT14_TAPDS!172. Cell2: u_lsu/add_4452/U_82. BBox: (19.9800 31.3530)(20.0640 31.4470). Layer: M1. (RT-586)
Information: Detected short violation. Cell1: tapfiller!SAEDRVT14_TAPDS!168. Cell2: u_lsu/add_4452/U_82. BBox: (19.9800 31.3530)(20.0640 31.4470). Layer: M1. (RT-586)
Information: Detected short violation. Cell1: u_lsu/add_4452/U_82. Cell2: u_mul/ctmi_6781. BBox: (17.9150 31.3530)(18.7320 31.4470). Layer: M1. (RT-586)
Information: Detected short violation. Cell1: u_lsu/add_4452/U_82. Cell2: u_lsu/add_4452/ctmi_49878. BBox: (18.8700 31.3530)(19.2500 31.4470). Layer: M1. (RT-586)
Information: Detected short violation. Cell1: u_lsu/add_4452/U_82. Cell2: u_lsu/add_4452/ctmi_49877. BBox: (19.1660 31.3530)(19.5460 31.4470). Layer: M1. (RT-586)
Information: Detected short violation. Cell1: u_lsu/add_4452/ctmi_49877. Cell2: u_lsu/add_4452/ctmi_49878. BBox: (19.1660 31.3530)(19.2500 31.4470). Layer: M1. (RT-586)
Information: Detected short violation. Cell1: u_lsu/add_4452/U_82. Net2: VSS. BBox: (17.9150 30.7530)(20.0640 30.8470). Layer: M1. (RT-586)
Information: Detected short violation. Cell1: u_lsu/add_4452/U_82. Net2: VDD. BBox: (17.9150 31.3530)(20.0640 31.4470). Layer: M1. (RT-586)
Information: Detected short violation. Cell1: u_lsu/add_4452/ctmi_49878. Net2: VDD. BBox: (18.8700 31.3530)(19.2500 31.4470). Layer: M1. (RT-586)
Information: Detected short violation. Cell1: u_lsu/add_4452/ctmi_49877. Net2: VDD. BBox: (19.1660 31.3530)(19.5460 31.4470). Layer: M1. (RT-586)
Information: Detected short violation. Cell1: u_lsu/add_4452/U_82. Net2: VDD. BBox: (19.4650 31.3830)(19.5350 31.4170). Layer: M1. (RT-586)

===============================================================
    Maximum number of violations is set to 20
    Abort checking when more than 20 violations are found
    All violations might not be found.
===============================================================
Total number of input nets is 13169.
Total number of short violations is 20.
Total number of open nets is 0.
Total number of floating route violations is 0.

Elapsed =    0:00:01, CPU =    0:00:05
1
